Archive member included because of file (symbol)

..\..\..\Middlewares\STemWin\Lib\libstemwin524b_cm4_os_gcc.a(WINDOW.o)
                              ..\obj\WindowDLG.o (WINDOW_CreateIndirect)
..\..\..\Middlewares\STemWin\Lib\libstemwin524b_cm4_os_gcc.a(WIDGET.o)
                              ..\..\..\Middlewares\STemWin\Lib\libstemwin524b_cm4_os_gcc.a(WINDOW.o) (WIDGET__Init)
..\..\..\Middlewares\STemWin\Lib\libstemwin524b_cm4_os_gcc.a(SLIDER_CreateIndirect.o)
                              ..\obj\WindowDLG.o (SLIDER_CreateIndirect)
..\..\..\Middlewares\STemWin\Lib\libstemwin524b_cm4_os_gcc.a(SLIDER.o)
                              ..\..\..\Middlewares\STemWin\Lib\libstemwin524b_cm4_os_gcc.a(SLIDER_CreateIndirect.o) (SLIDER_CreateUser)
..\..\..\Middlewares\STemWin\Lib\libstemwin524b_cm4_os_gcc.a(SCROLLBAR_CreateIndirect.o)
                              ..\obj\WindowDLG.o (SCROLLBAR_CreateIndirect)
..\..\..\Middlewares\STemWin\Lib\libstemwin524b_cm4_os_gcc.a(SCROLLBAR.o)
                              ..\..\..\Middlewares\STemWin\Lib\libstemwin524b_cm4_os_gcc.a(SCROLLBAR_CreateIndirect.o) (SCROLLBAR_CreateUser)
..\..\..\Middlewares\STemWin\Lib\libstemwin524b_cm4_os_gcc.a(DIALOG.o)
                              ..\..\..\Middlewares\STemWin\Lib\libstemwin524b_cm4_os_gcc.a(WIDGET.o) (DIALOG_GetBkColor)
..\..\..\Middlewares\STemWin\Lib\libstemwin524b_cm4_os_gcc.a(BUTTON_CreateIndirect.o)
                              ..\obj\WindowDLG.o (BUTTON_CreateIndirect)
..\..\..\Middlewares\STemWin\Lib\libstemwin524b_cm4_os_gcc.a(BUTTON.o)
                              ..\..\..\Middlewares\STemWin\Lib\libstemwin524b_cm4_os_gcc.a(BUTTON_CreateIndirect.o) (BUTTON_CreateUser)
..\..\..\Middlewares\STemWin\Lib\libstemwin524b_cm4_os_gcc.a(WM__UpdateChildPositions.o)
                              ..\..\..\Middlewares\STemWin\Lib\libstemwin524b_cm4_os_gcc.a(WIDGET.o) (WM__UpdateChildPositions)
..\..\..\Middlewares\STemWin\Lib\libstemwin524b_cm4_os_gcc.a(WM__Screen2Client.o)
                              ..\..\..\Middlewares\STemWin\Lib\libstemwin524b_cm4_os_gcc.a(WIDGET.o) (WM__Screen2Client)
..\..\..\Middlewares\STemWin\Lib\libstemwin524b_cm4_os_gcc.a(WM__IsAncestor.o)
                              ..\..\..\Middlewares\STemWin\Lib\libstemwin524b_cm4_os_gcc.a(WINDOW.o) (WM__IsAncestor)
..\..\..\Middlewares\STemWin\Lib\libstemwin524b_cm4_os_gcc.a(WM_UserData.o)
                              ..\..\..\Middlewares\STemWin\Lib\libstemwin524b_cm4_os_gcc.a(WINDOW.o) (WM__GetUserDataEx)
..\..\..\Middlewares\STemWin\Lib\libstemwin524b_cm4_os_gcc.a(WM_Timer.o)
                              ..\..\..\Middlewares\STemWin\Lib\libstemwin524b_cm4_os_gcc.a(SCROLLBAR.o) (WM_DeleteTimer)
..\..\..\Middlewares\STemWin\Lib\libstemwin524b_cm4_os_gcc.a(WM_Show.o)
                              ..\..\..\Middlewares\STemWin\Lib\libstemwin524b_cm4_os_gcc.a(DIALOG.o) (WM_ShowWindow)
..\..\..\Middlewares\STemWin\Lib\libstemwin524b_cm4_os_gcc.a(WM_SetScrollState.o)
                              ..\..\..\Middlewares\STemWin\Lib\libstemwin524b_cm4_os_gcc.a(WIDGET.o) (WM_SetScrollState)
..\..\..\Middlewares\STemWin\Lib\libstemwin524b_cm4_os_gcc.a(WM_SetFocusOnPrevChild.o)
                              ..\..\..\Middlewares\STemWin\Lib\libstemwin524b_cm4_os_gcc.a(WINDOW.o) (WM_SetFocusOnPrevChild)
..\..\..\Middlewares\STemWin\Lib\libstemwin524b_cm4_os_gcc.a(WM_SetFocusOnNextChild.o)
                              ..\..\..\Middlewares\STemWin\Lib\libstemwin524b_cm4_os_gcc.a(WINDOW.o) (WM_SetFocusOnNextChild)
..\..\..\Middlewares\STemWin\Lib\libstemwin524b_cm4_os_gcc.a(WM_SetFocus.o)
                              ..\..\..\Middlewares\STemWin\Lib\libstemwin524b_cm4_os_gcc.a(WINDOW.o) (WM_SetFocus)
..\..\..\Middlewares\STemWin\Lib\libstemwin524b_cm4_os_gcc.a(WM_SetCreateFlags.o)
                              ..\obj\main.o (WM_SetCreateFlags)
..\..\..\Middlewares\STemWin\Lib\libstemwin524b_cm4_os_gcc.a(WM_SetCapture.o)
                              ..\..\..\Middlewares\STemWin\Lib\libstemwin524b_cm4_os_gcc.a(SLIDER.o) (WM_SetCapture)
..\..\..\Middlewares\STemWin\Lib\libstemwin524b_cm4_os_gcc.a(WM_SendMessageNoPara.o)
                              ..\..\..\Middlewares\STemWin\Lib\libstemwin524b_cm4_os_gcc.a(SCROLLBAR.o) (WM_SendMessageNoPara)
..\..\..\Middlewares\STemWin\Lib\libstemwin524b_cm4_os_gcc.a(WM_ResizeWindow.o)
                              ..\..\..\Middlewares\STemWin\Lib\libstemwin524b_cm4_os_gcc.a(WM__UpdateChildPositions.o) (WM_ResizeWindow)
..\..\..\Middlewares\STemWin\Lib\libstemwin524b_cm4_os_gcc.a(WM_NotifyParent.o)
                              ..\..\..\Middlewares\STemWin\Lib\libstemwin524b_cm4_os_gcc.a(WIDGET.o) (WM_NotifyParent)
..\..\..\Middlewares\STemWin\Lib\libstemwin524b_cm4_os_gcc.a(WM_Move.o)
                              ..\..\..\Middlewares\STemWin\Lib\libstemwin524b_cm4_os_gcc.a(WM__UpdateChildPositions.o) (WM_MoveWindow)
..\..\..\Middlewares\STemWin\Lib\libstemwin524b_cm4_os_gcc.a(WM_IsWindow.o)
[...]
Memory Configuration

Name             Origin             Length             Attributes
FLASH            0x08000000         0x00200000         xr
RAM              0x20000000         0x00030000         xrw
CCMRAM           0x10000000         0x00010000         rw
*default*        0x00000000         0xffffffff

Linker script and memory map

                0x2002ffff                //_estack = 0x2002ffff
                0x20030000                _estack = 0x20030000
                0x00000000                _Min_Heap_Size = 0x0
                0x00000400                _Min_Stack_Size = 0x400

.isr_vector     0x08000000      0x1ac
                0x08000000                . = ALIGN (0x4)
 *(.isr_vector)
 .isr_vector    0x08000000      0x1ac ..\obj\startup_stm32f429xx.o
                0x08000000                g_pfnVectors
                0x080001ac                . = ALIGN (0x4)

.text           0x080001ac    0x13568
                0x080001ac                . = ALIGN (0x4)
 *(.text)
 .text          0x080001ac       0x30 ..\obj\sh_cmd.o
                0x080001ac                SH_DoCommand
                0x080001c2                HardFault_Handler
 .text          0x080001dc      0x134 c:/program files (x86)/gnu tools arm embedded/4.8 2014q2/bin/../lib/gcc/arm-none-eabi/4.8.4/../../../../arm-none-eabi/lib/armv7e-m/fpu\libc.a(lib_a-memcpy.o)
                0x080001dc                memcpy
 *(.text*)
 .text.HAL_SPI_Init
                0x08000310       0xc4 ..\obj\stm32f4xx_hal_spi.o
                0x08000310                HAL_SPI_Init
 .text.HAL_SPI_DeInit
                0x080003d4       0x4c ..\obj\stm32f4xx_hal_spi.o
                0x080003d4                HAL_SPI_DeInit
 .text.HAL_SPI_MspInit
                0x08000420       0x14 ..\obj\stm32f4xx_hal_spi.o
                0x08000420                HAL_SPI_MspInit
 .text.HAL_SPI_MspDeInit
                0x08000434       0x14 ..\obj\stm32f4xx_hal_spi.o
                0x08000434                HAL_SPI_MspDeInit
 .text.HAL_SPI_Transmit
                0x08000448      0x288 ..\obj\stm32f4xx_hal_spi.o
                0x08000448                HAL_SPI_Transmit
 .text.HAL_SPI_GetState
                0x080006d0       0x1c ..\obj\stm32f4xx_hal_spi.o
                0x080006d0                HAL_SPI_GetState
 .text.SPI_WaitOnFlagUntilTimeout
                0x080006ec      0x148 ..\obj\stm32f4xx_hal_spi.o
 .text.HAL_I2C_Init
                0x08000834      0x1ac ..\obj\stm32f4xx_hal_i2c.o
                0x08000834                HAL_I2C_Init
 .text.HAL_I2C_DeInit
                0x080009e0       0x54 ..\obj\stm32f4xx_hal_i2c.o
                0x080009e0                HAL_I2C_DeInit
 .text.HAL_I2C_MspInit
                0x08000a34       0x14 ..\obj\stm32f4xx_hal_i2c.o
                0x08000a34                HAL_I2C_MspInit
 .text.HAL_I2C_MspDeInit
                0x08000a48       0x14 ..\obj\stm32f4xx_hal_i2c.o
                0x08000a48                HAL_I2C_MspDeInit
 .text.HAL_I2C_Mem_Write
                0x08000a5c      0x15c ..\obj\stm32f4xx_hal_i2c.o
                0x08000a5c                HAL_I2C_Mem_Write
 .text.HAL_I2C_Mem_Read
                0x08000bb8      0x2e4 ..\obj\stm32f4xx_hal_i2c.o
                0x08000bb8                HAL_I2C_Mem_Read
 .text.HAL_I2C_GetState
                0x08000e9c       0x1c ..\obj\stm32f4xx_hal_i2c.o
                0x08000e9c                HAL_I2C_GetState
 .text.I2C_RequestMemoryWrite
                0x08000eb8       0xdc ..\obj\stm32f4xx_hal_i2c.o
 .text.I2C_RequestMemoryRead
                0x08000f94      0x160 ..\obj\stm32f4xx_hal_i2c.o
 .text.I2C_WaitOnFlagUntilTimeout
                0x080010f4      0x114 ..\obj\stm32f4xx_hal_i2c.o
 .text.I2C_WaitOnMasterAddressFlagUntilTimeout
                0x08001208       0xd8 ..\obj\stm32f4xx_hal_i2c.o
 .text.HAL_LTDC_Init
                0x080012e0      0x1b0 ..\obj\stm32f4xx_hal_ltdc.o
                0x080012e0                HAL_LTDC_Init
 .text.HAL_LTDC_DeInit
                0x08001490       0x30 ..\obj\stm32f4xx_hal_ltdc.o
                0x08001490                HAL_LTDC_DeInit
 .text.HAL_LTDC_IRQHandler
                0x080014c0      0x10c ..\obj\stm32f4xx_hal_ltdc.o
                0x080014c0                HAL_LTDC_IRQHandler
 .text.HAL_LTDC_ErrorCallback
                0x080015cc       0x14 ..\obj\stm32f4xx_hal_ltdc.o
                0x080015cc                HAL_LTDC_ErrorCallback
 .text.HAL_LTDC_ConfigLayer
                0x080015e0       0x7c ..\obj\stm32f4xx_hal_ltdc.o
                0x080015e0                HAL_LTDC_ConfigLayer
 .text.HAL_LTDC_ConfigColorKeying
                0x0800165c       0x88 ..\obj\stm32f4xx_hal_ltdc.o
                0x0800165c                HAL_LTDC_ConfigColorKeying
 .text.HAL_LTDC_ConfigCLUT
                0x080016e4       0xa8 ..\obj\stm32f4xx_hal_ltdc.o
                0x080016e4                HAL_LTDC_ConfigCLUT
 .text.HAL_LTDC_EnableColorKeying
                0x0800178c       0x74 ..\obj\stm32f4xx_hal_ltdc.o
                0x0800178c                HAL_LTDC_EnableColorKeying
 .text.HAL_LTDC_DisableColorKeying
                0x08001800       0x74 ..\obj\stm32f4xx_hal_ltdc.o
                0x08001800                HAL_LTDC_DisableColorKeying
 .text.HAL_LTDC_EnableCLUT
                0x08001874       0x74 ..\obj\stm32f4xx_hal_ltdc.o
                0x08001874                HAL_LTDC_EnableCLUT
 .text.HAL_LTDC_SetWindowPosition
                0x080018e8       0x8c ..\obj\stm32f4xx_hal_ltdc.o
                0x080018e8                HAL_LTDC_SetWindowPosition
 .text.HAL_LTDC_SetAlpha
                0x08001974       0x6c ..\obj\stm32f4xx_hal_ltdc.o
                0x08001974                HAL_LTDC_SetAlpha
 .text.HAL_LTDC_SetAddress
                0x080019e0       0x6c ..\obj\stm32f4xx_hal_ltdc.o
                0x080019e0                HAL_LTDC_SetAddress
 .text.HAL_LTDC_ProgramLineEvent
                0x08001a4c       0x60 ..\obj\stm32f4xx_hal_ltdc.o
                0x08001a4c                HAL_LTDC_ProgramLineEvent
 .text.LTDC_SetConfig
                0x08001aac      0x32c ..\obj\stm32f4xx_hal_ltdc.o
 .text.GUI_X_Config
                0x08001dd8       0x20 ..\obj\GUIConf.o
                0x08001dd8                GUI_X_Config
 .text.Color2IndexBulk_M8888IDMA2D
                0x08001df8       0x24 ..\obj\LCDConf_stm32f429i_disco_MB1075.o
 .text.Index2ColorBulk_M8888IDMA2D
                0x08001e1c       0x24 ..\obj\LCDConf_stm32f429i_disco_MB1075.o
 .text.Color2IndexBulk_M888DMA2D
                0x08001e40       0x24 ..\obj\LCDConf_stm32f429i_disco_MB1075.o
 .text.Index2ColorBulk_M888DMA2D
                0x08001e64       0x24 ..\obj\LCDConf_stm32f429i_disco_MB1075.o
 .text.Color2IndexBulk_M565DMA2D
                0x08001e88       0x24 ..\obj\LCDConf_stm32f429i_disco_MB1075.o
 .text.Index2ColorBulk_M565DMA2D
                0x08001eac       0x24 ..\obj\LCDConf_stm32f429i_disco_MB1075.o
 .text.Color2IndexBulk_M1555IDMA2D
                0x08001ed0       0x24 ..\obj\LCDConf_stm32f429i_disco_MB1075.o
 .text.Index2ColorBulk_M1555IDMA2D
                0x08001ef4       0x24 ..\obj\LCDConf_stm32f429i_disco_MB1075.o
 .text.Color2IndexBulk_M4444IDMA2D
                0x08001f18       0x24 ..\obj\LCDConf_stm32f429i_disco_MB1075.o
 .text.Index2ColorBulk_M4444IDMA2D
                0x08001f3c       0x24 ..\obj\LCDConf_stm32f429i_disco_MB1075.o
 .text.HAL_DMA2D_MspInit
                0x08001f60       0x24 ..\obj\LCDConf_stm32f429i_disco_MB1075.o
                0x08001f60                HAL_DMA2D_MspInit
 .text.HAL_LTDC_MspInit
                0x08001f84      0x130 ..\obj\LCDConf_stm32f429i_disco_MB1075.o
                0x08001f84                HAL_LTDC_MspInit
 .text.HAL_LTDC_MspDeInit
                0x080020b4       0x30 ..\obj\LCDConf_stm32f429i_disco_MB1075.o
                0x080020b4                HAL_LTDC_MspDeInit
 .text.HAL_LTDC_LineEvenCallback
                0x080020e4       0xf0 ..\obj\LCDConf_stm32f429i_disco_MB1075.o
                0x080020e4                HAL_LTDC_LineEvenCallback
 .text.LCD_X_Config
                0x080021d4      0x1d0 ..\obj\LCDConf_stm32f429i_disco_MB1075.o
                0x080021d4                LCD_X_Config
 .text.LCD_X_DisplayDriver
                0x080023a4      0x238 ..\obj\LCDConf_stm32f429i_disco_MB1075.o
                0x080023a4                LCD_X_DisplayDriver
 .text.LCD_LL_LayerInit
                0x080025dc       0xfc ..\obj\LCDConf_stm32f429i_disco_MB1075.o
 .text.LCD_LL_Init
                0x080026d8       0xe8 ..\obj\LCDConf_stm32f429i_disco_MB1075.o
 .text.LCD_LL_GetPixelformat
                0x080027c0       0xb8 ..\obj\LCDConf_stm32f429i_disco_MB1075.o
 .text.DMA2D_CopyBuffer
                0x08002878       0x70 ..\obj\LCDConf_stm32f429i_disco_MB1075.o
 .text.DMA2D_FillBuffer
                0x080028e8       0x6c ..\obj\LCDConf_stm32f429i_disco_MB1075.o
 .text.GetBufferSize
                0x08002954       0x5c ..\obj\LCDConf_stm32f429i_disco_MB1075.o
 .text.CUSTOM_CopyBuffer
                0x080029b0       0xb0 ..\obj\LCDConf_stm32f429i_disco_MB1075.o
 .text.CUSTOM_CopyRect
                0x08002a60      0x114 ..\obj\LCDConf_stm32f429i_disco_MB1075.o
 .text.CUSTOM_FillRect
                0x08002b74       0xf8 ..\obj\LCDConf_stm32f429i_disco_MB1075.o
 .text.DMA2D_LoadLUT
                0x08002c6c       0x3c ..\obj\LCDConf_stm32f429i_disco_MB1075.o
 .text.InvertAlpha_SwapRB
                0x08002ca8       0x58 ..\obj\LCDConf_stm32f429i_disco_MB1075.o
 .text.InvertAlpha
                0x08002d00       0x3c ..\obj\LCDConf_stm32f429i_disco_MB1075.o
 .text.DMA2D_AlphaBlendingBulk
                0x08002d3c       0x84 ..\obj\LCDConf_stm32f429i_disco_MB1075.o
 .text.DMA2D_MixColors
                0x08002dc0       0xa8 ..\obj\LCDConf_stm32f429i_disco_MB1075.o
 .text.DMA2D_ConvertColor
                0x08002e68       0x70 ..\obj\LCDConf_stm32f429i_disco_MB1075.o
 .text._LCD_GetpPalConvTable
                0x08002ed8       0x8c ..\obj\LCDConf_stm32f429i_disco_MB1075.o
 .text.DMA2D_MixColorsBulk
                0x08002f64       0x7c ..\obj\LCDConf_stm32f429i_disco_MB1075.o
 .text.DMA2D_AlphaBlending
                0x08002fe0       0x4c ..\obj\LCDConf_stm32f429i_disco_MB1075.o
 .text.DMA2D_Index2ColorBulk
                0x0800302c       0x34 ..\obj\LCDConf_stm32f429i_disco_MB1075.o
 .text.DMA2D_Color2IndexBulk
                0x08003060       0x34 ..\obj\LCDConf_stm32f429i_disco_MB1075.o
 .text.LCD_MixColorsBulk
                0x08003094       0x90 ..\obj\LCDConf_stm32f429i_disco_MB1075.o
 .text.DMA2D_DrawBitmapL8
                0x08003124       0x70 ..\obj\LCDConf_stm32f429i_disco_MB1075.o
 .text.BSP_LCD_DrawBitmap16bpp
                0x08003194       0xc8 ..\obj\LCDConf_stm32f429i_disco_MB1075.o
 .text.BSP_LCD_DrawBitmap8bpp
                0x0800325c       0xc8 ..\obj\LCDConf_stm32f429i_disco_MB1075.o
 .text.HAL_DMA2D_Init
                0x08003324       0xb4 ..\obj\stm32f4xx_hal_dma2d.o
                0x08003324                HAL_DMA2D_Init
 .text.sdramInit
                0x080033d8      0x13c ..\obj\sdram.o
                0x080033d8                sdramInit
 .text.BSP_TS_Init
                0x08003514       0x70 ..\obj\stm32f429i_discovery_ts.o
                0x08003514                BSP_TS_Init
 .text.BSP_TS_GetState
                0x08003584      0x160 ..\obj\stm32f429i_discovery_ts.o
                0x08003584                BSP_TS_GetState
 .text.main     0x080036e4       0x38 ..\obj\main.o
                0x080036e4                main
 .text.BackgroundTask
                0x0800371c       0xb0 ..\obj\main.o
 .text.basicSetupHardware
                0x080037cc       0x10 ..\obj\main.o
 .text.SystemClock_Config
                0x080037dc       0x88 ..\obj\main.o
 .text.BSP_Pointer_Update
                0x08003864       0xcc ..\obj\main.o
                0x08003864                BSP_Pointer_Update
 .text.vTimerCallback
                0x08003930       0x14 ..\obj\main.o
 .text._cbDialog
                0x08003944       0x88 ..\obj\WindowDLG.o
 .text.CreateWindow
                0x080039cc       0x34 ..\obj\WindowDLG.o
                0x080039cc                CreateWindow
 .text.SysTick_Handler
                0x08003a00       0x10 ..\obj\stm32f4xx_it.o
                0x08003a00                SysTick_Handler
 .text.LTDC_IRQHandler
                0x08003a10       0x10 ..\obj\stm32f4xx_it.o
                0x08003a10                LTDC_IRQHandler
 .text.xTimerCreateTimerTask
                0x08003a20       0x58 ..\obj\timers.o
                0x08003a20                xTimerCreateTimerTask
 .text.xTimerCreate
                0x08003a78       0x6c ..\obj\timers.o
                0x08003a78                xTimerCreate
 .text.xTimerGenericCommand
                0x08003ae4       0x8c ..\obj\timers.o
                0x08003ae4                xTimerGenericCommand
 .text.prvProcessExpiredTimer
                0x08003b70       0x70 ..\obj\timers.o
 .text.prvTimerTask
                0x08003be0       0x24 ..\obj\timers.o
 .text.prvProcessTimerOrBlockTask
                0x08003c04       0x6c ..\obj\timers.o
 .text.prvGetNextExpireTime
                0x08003c70       0x48 ..\obj\timers.o
 .text.prvSampleTimeNow
                0x08003cb8       0x40 ..\obj\timers.o
 .text.prvInsertTimerInActiveList
                0x08003cf8       0x84 ..\obj\timers.o
 .text.prvProcessReceivedCommands
                0x08003d7c      0x110 ..\obj\timers.o
 .text.prvSwitchTimerLists
                0x08003e8c       0xb0 ..\obj\timers.o
 .text.prvCheckForValidListAndQueue
                0x08003f3c       0x78 ..\obj\timers.o
 .text.Reset_Handler
                0x08003fb4       0x54 ..\obj\startup_stm32f429xx.o
                0x08003fb4                Reset_Handler
 .text.Default_Handler
                0x08004008        0x4 ..\obj\startup_stm32f429xx.o
                0x08004008                RTC_Alarm_IRQHandler
                0x08004008                HASH_RNG_IRQHandler
                0x08004008                EXTI2_IRQHandler
                0x08004008                TIM8_CC_IRQHandler
                0x08004008                DebugMon_Handler
                0x08004008                UART8_IRQHandler
                0x08004008                SPI4_IRQHandler
                0x08004008                TIM1_CC_IRQHandler
                0x08004008                DMA2_Stream5_IRQHandler
                0x08004008                DMA1_Stream5_IRQHandler
                0x08004008                PVD_IRQHandler
                0x08004008                SDIO_IRQHandler
                0x08004008                TAMP_STAMP_IRQHandler
                0x08004008                NMI_Handler
                0x08004008                CAN2_RX1_IRQHandler
                0x08004008                EXTI3_IRQHandler
                0x08004008                TIM8_TRG_COM_TIM14_IRQHandler
                0x08004008                TIM1_UP_TIM10_IRQHandler
                0x08004008                TIM8_UP_TIM13_IRQHandler
                0x08004008                I2C3_ER_IRQHandler
                0x08004008                EXTI0_IRQHandler
                0x08004008                I2C2_EV_IRQHandler
                0x08004008                DMA1_Stream2_IRQHandler
                0x08004008                CAN1_RX0_IRQHandler
                0x08004008                FPU_IRQHandler
                0x08004008                OTG_HS_WKUP_IRQHandler
                0x08004008                UsageFault_Handler
                0x08004008                LTDC_ER_IRQHandler
                0x08004008                CAN2_SCE_IRQHandler
                0x08004008                DMA2_Stream2_IRQHandler
                0x08004008                SPI1_IRQHandler
                0x08004008                TIM6_DAC_IRQHandler
                0x08004008                TIM1_BRK_TIM9_IRQHandler
                0x08004008                DCMI_IRQHandler
                0x08004008                CAN2_RX0_IRQHandler
                0x08004008                DMA2_Stream3_IRQHandler
                0x08004008                USART6_IRQHandler
                0x08004008                USART3_IRQHandler
                0x08004008                CAN1_RX1_IRQHandler
                0x08004008                UART5_IRQHandler
                0x08004008                DMA2_Stream0_IRQHandler
                0x08004008                TIM4_IRQHandler
                0x08004008                I2C1_EV_IRQHandler
                0x08004008                DMA1_Stream6_IRQHandler
                0x08004008                DMA1_Stream1_IRQHandler
                0x08004008                UART4_IRQHandler
                0x08004008                TIM3_IRQHandler
                0x08004008                RCC_IRQHandler
                0x08004008                TIM8_BRK_TIM12_IRQHandler
                0x08004008                Default_Handler
                0x08004008                EXTI15_10_IRQHandler
                0x08004008                ADC_IRQHandler
                0x08004008                DMA1_Stream7_IRQHandler
                0x08004008                SPI5_IRQHandler
                0x08004008                TIM7_IRQHandler
                0x08004008                CAN2_TX_IRQHandler
                0x08004008                TIM5_IRQHandler
                0x08004008                DMA2_Stream7_IRQHandler
                0x08004008                I2C3_EV_IRQHandler
                0x08004008                EXTI9_5_IRQHandler
                0x08004008                RTC_WKUP_IRQHandler
                0x08004008                ETH_WKUP_IRQHandler
                0x08004008                SPI2_IRQHandler
                0x08004008                OTG_HS_EP1_IN_IRQHandler
                0x08004008                MemManage_Handler
                0x08004008                DMA1_Stream0_IRQHandler
                0x08004008                CAN1_TX_IRQHandler
                0x08004008                EXTI4_IRQHandler
                0x08004008                ETH_IRQHandler
                0x08004008                OTG_HS_EP1_OUT_IRQHandler
                0x08004008                WWDG_IRQHandler
                0x08004008                SPI6_IRQHandler
                0x08004008                TIM2_IRQHandler
                0x08004008                OTG_FS_WKUP_IRQHandler
                0x08004008                TIM1_TRG_COM_TIM11_IRQHandler
                0x08004008                OTG_HS_IRQHandler
                0x08004008                DMA2D_IRQHandler
                0x08004008                EXTI1_IRQHandler
                0x08004008                UART7_IRQHandler
                0x08004008                USART2_IRQHandler
                0x08004008                I2C2_ER_IRQHandler
                0x08004008                DMA2_Stream1_IRQHandler
                0x08004008                CAN1_SCE_IRQHandler
                0x08004008                FLASH_IRQHandler
                0x08004008                DMA2_Stream4_IRQHandler
                0x08004008                BusFault_Handler
                0x08004008                USART1_IRQHandler
                0x08004008                OTG_FS_IRQHandler
                0x08004008                SPI3_IRQHandler
                0x08004008                DMA1_Stream4_IRQHandler
                0x08004008                I2C1_ER_IRQHandler
                0x08004008                FMC_IRQHandler
                0x08004008                DMA2_Stream6_IRQHandler
                0x08004008                SAI1_IRQHandler
                0x08004008                DMA1_Stream3_IRQHandler
 .text.gpioInit
                0x0800400c      0x11c ..\obj\gpio.o
                0x0800400c                gpioInit
 .text.xTaskGenericCreate
                0x08004128      0x168 ..\obj\tasks.o
                0x08004128                xTaskGenericCreate
 .text.vTaskDelay
                0x08004290       0x64 ..\obj\tasks.o
                0x08004290                vTaskDelay
 .text.vTaskStartScheduler
                0x080042f4       0x70 ..\obj\tasks.o
                0x080042f4                vTaskStartScheduler
 .text.vTaskSuspendAll
                0x08004364       0x1c ..\obj\tasks.o
                0x08004364                vTaskSuspendAll
 .text.xTaskResumeAll
                0x08004380      0x10c ..\obj\tasks.o
                0x08004380                xTaskResumeAll
 .text.xTaskGetTickCount
                0x0800448c       0x24 ..\obj\tasks.o
                0x0800448c                xTaskGetTickCount
 .text.xTaskIncrementTick
                0x080044b0      0x170 ..\obj\tasks.o
                0x080044b0                xTaskIncrementTick
 .text.vTaskSwitchContext
                0x08004620       0xa4 ..\obj\tasks.o
                0x08004620                vTaskSwitchContext
 .text.vTaskPlaceOnEventList
                0x080046c4       0x6c ..\obj\tasks.o
                0x080046c4                vTaskPlaceOnEventList
 .text.vTaskPlaceOnEventListRestricted
                0x08004730       0x50 ..\obj\tasks.o
                0x08004730                vTaskPlaceOnEventListRestricted
 .text.xTaskRemoveFromEventList
                0x08004780       0xb8 ..\obj\tasks.o
                0x08004780                xTaskRemoveFromEventList
 .text.vTaskSetTimeOutState
                0x08004838       0x34 ..\obj\tasks.o
                0x08004838                vTaskSetTimeOutState
 .text.xTaskCheckForTimeOut
                0x0800486c       0xa0 ..\obj\tasks.o
                0x0800486c                xTaskCheckForTimeOut
 .text.vTaskMissedYield
                0x0800490c       0x18 ..\obj\tasks.o
                0x0800490c                vTaskMissedYield
 .text.prvIdleTask
                0x08004924       0x20 ..\obj\tasks.o
 .text.prvInitialiseTCBVariables
                0x08004944       0x90 ..\obj\tasks.o
 .text.prvInitialiseTaskLists
                0x080049d4       0x7c ..\obj\tasks.o
 .text.prvCheckTasksWaitingTermination
                0x08004a50       0x74 ..\obj\tasks.o
 .text.prvAddCurrentTaskToDelayedList
                0x08004ac4       0x6c ..\obj\tasks.o
 .text.prvAllocateTCBAndStack
                0x08004b30       0x64 ..\obj\tasks.o
 .text.prvDeleteTCB
                0x08004b94       0x20 ..\obj\tasks.o
 .text.prvResetNextTaskUnblockTime
                0x08004bb4       0x48 ..\obj\tasks.o
 .text.xTaskGetCurrentTaskHandle
                0x08004bfc       0x20 ..\obj\tasks.o
                0x08004bfc                xTaskGetCurrentTaskHandle
 .text.xTaskGetSchedulerState
                0x08004c1c       0x3c ..\obj\tasks.o
                0x08004c1c                xTaskGetSchedulerState
 .text.vTaskPriorityInherit
                0x08004c58       0xbc ..\obj\tasks.o
                0x08004c58                vTaskPriorityInherit
 .text.vTaskPriorityDisinherit
                0x08004d14       0x84 ..\obj\tasks.o
                0x08004d14                vTaskPriorityDisinherit
 .text.HAL_Init
                0x08004d98       0x44 ..\obj\stm32f4xx_hal.o
                0x08004d98                HAL_Init
 .text.HAL_InitTick
                0x08004ddc       0x38 ..\obj\stm32f4xx_hal.o
                0x08004ddc                HAL_InitTick
 .text.HAL_IncTick
                0x08004e14       0x1c ..\obj\stm32f4xx_hal.o
                0x08004e14                HAL_IncTick
 .text.HAL_GetTick
                0x08004e30       0x18 ..\obj\stm32f4xx_hal.o
                0x08004e30                HAL_GetTick
 .text.HAL_Delay
                0x08004e48       0x2c ..\obj\stm32f4xx_hal.o
                0x08004e48                HAL_Delay
 .text.HAL_RCCEx_PeriphCLKConfig
                0x08004e74      0x3cc ..\obj\stm32f4xx_hal_rcc_ex.o
                0x08004e74                HAL_RCCEx_PeriphCLKConfig
 .text.HAL_SDRAM_Init
                0x08005240       0x64 ..\obj\stm32f4xx_hal_sdram.o
                0x08005240                HAL_SDRAM_Init
 .text.HAL_SDRAM_MspInit
                0x080052a4       0x14 ..\obj\stm32f4xx_hal_sdram.o
                0x080052a4                HAL_SDRAM_MspInit
 .text.HAL_SDRAM_SendCommand
                0x080052b8       0x58 ..\obj\stm32f4xx_hal_sdram.o
                0x080052b8                HAL_SDRAM_SendCommand
 .text.HAL_SDRAM_ProgramRefreshRate
                0x08005310       0x40 ..\obj\stm32f4xx_hal_sdram.o
                0x08005310                HAL_SDRAM_ProgramRefreshRate
 .text.GUI_X_GetTime
                0x08005350       0x10 ..\obj\GUI_X_FreeRTOS.o
                0x08005350                GUI_X_GetTime
 .text.GUI_X_Delay
                0x08005360       0x18 ..\obj\GUI_X_FreeRTOS.o
                0x08005360                GUI_X_Delay
 .text.GUI_X_Init
                0x08005378        0xc ..\obj\GUI_X_FreeRTOS.o
                0x08005378                GUI_X_Init
 .text.GUI_X_InitOS
                0x08005384       0x60 ..\obj\GUI_X_FreeRTOS.o
                0x08005384                GUI_X_InitOS
 .text.GUI_X_Unlock
                0x080053e4       0x1c ..\obj\GUI_X_FreeRTOS.o
                0x080053e4                GUI_X_Unlock
 .text.GUI_X_Lock
                0x08005400       0x28 ..\obj\GUI_X_FreeRTOS.o
                0x08005400                GUI_X_Lock
 .text.GUI_X_GetTaskId
                0x08005428       0x10 ..\obj\GUI_X_FreeRTOS.o
                0x08005428                GUI_X_GetTaskId
 .text.HAL_RCC_OscConfig
                0x08005438      0x4b8 ..\obj\stm32f4xx_hal_rcc.o
                0x08005438                HAL_RCC_OscConfig
 .text.HAL_RCC_ClockConfig
                0x080058f0      0x2b8 ..\obj\stm32f4xx_hal_rcc.o
                0x080058f0                HAL_RCC_ClockConfig
 .text.HAL_RCC_GetSysClockFreq
                0x08005ba8      0x13c ..\obj\stm32f4xx_hal_rcc.o
                0x08005ba8                HAL_RCC_GetSysClockFreq
 .text.HAL_RCC_GetHCLKFreq
                0x08005ce4       0x58 ..\obj\stm32f4xx_hal_rcc.o
                0x08005ce4                HAL_RCC_GetHCLKFreq
 .text.HAL_RCC_GetPCLK1Freq
                0x08005d3c       0x50 ..\obj\stm32f4xx_hal_rcc.o
                0x08005d3c                HAL_RCC_GetPCLK1Freq
 .text.NVIC_SetPriorityGrouping
                0x08005d8c       0x48 ..\obj\stm32f4xx_hal_cortex.o
 .text.NVIC_GetPriorityGrouping
                0x08005dd4       0x1c ..\obj\stm32f4xx_hal_cortex.o
 .text.NVIC_EnableIRQ
                0x08005df0       0x30 ..\obj\stm32f4xx_hal_cortex.o
 .text.NVIC_SetPriority
                0x08005e20       0x54 ..\obj\stm32f4xx_hal_cortex.o
 .text.NVIC_EncodePriority
                0x08005e74       0x68 ..\obj\stm32f4xx_hal_cortex.o
 .text.SysTick_Config
                0x08005edc       0x44 ..\obj\stm32f4xx_hal_cortex.o
 .text.HAL_NVIC_SetPriorityGrouping
                0x08005f20       0x14 ..\obj\stm32f4xx_hal_cortex.o
                0x08005f20                HAL_NVIC_SetPriorityGrouping
 .text.HAL_NVIC_SetPriority
                0x08005f34       0x38 ..\obj\stm32f4xx_hal_cortex.o
                0x08005f34                HAL_NVIC_SetPriority
 .text.HAL_NVIC_EnableIRQ
                0x08005f6c       0x1c ..\obj\stm32f4xx_hal_cortex.o
                0x08005f6c                HAL_NVIC_EnableIRQ
 .text.HAL_SYSTICK_Config
                0x08005f88       0x18 ..\obj\stm32f4xx_hal_cortex.o
                0x08005f88                HAL_SYSTICK_Config
 .text.vListInitialise
                0x08005fa0       0x40 ..\obj\list.o
                0x08005fa0                vListInitialise
 .text.vListInitialiseItem
                0x08005fe0       0x18 ..\obj\list.o
                0x08005fe0                vListInitialiseItem
 .text.vListInsertEnd
                0x08005ff8       0x48 ..\obj\list.o
                0x08005ff8                vListInsertEnd
 .text.vListInsert
                0x08006040       0x70 ..\obj\list.o
                0x08006040                vListInsert
 .text.uxListRemove
                0x080060b0       0x54 ..\obj\list.o
                0x080060b0                uxListRemove
 .text.SystemInit
                0x08006104       0x6c ..\obj\system_stm32f4xx.o
                0x08006104                SystemInit
 .text.stmpe811_Init
                0x08006170       0x4c ..\obj\stmpe811.o
                0x08006170                stmpe811_Init
 .text.stmpe811_Reset
                0x080061bc       0x38 ..\obj\stmpe811.o
                0x080061bc                stmpe811_Reset
 .text.stmpe811_ReadID
                0x080061f4       0x40 ..\obj\stmpe811.o
                0x080061f4                stmpe811_ReadID
 .text.stmpe811_EnableGlobalIT
                0x08006234       0x3c ..\obj\stmpe811.o
                0x08006234                stmpe811_EnableGlobalIT
 .text.stmpe811_DisableGlobalIT
                0x08006270       0x3c ..\obj\stmpe811.o
                0x08006270                stmpe811_DisableGlobalIT
 .text.stmpe811_EnableITSource
                0x080062ac       0x40 ..\obj\stmpe811.o
                0x080062ac                stmpe811_EnableITSource
 .text.stmpe811_DisableITSource
                0x080062ec       0x48 ..\obj\stmpe811.o
                0x080062ec                stmpe811_DisableITSource
 .text.stmpe811_SetITPolarity
                0x08006334       0x48 ..\obj\stmpe811.o
                0x08006334                stmpe811_SetITPolarity
 .text.stmpe811_SetITType
                0x0800637c       0x48 ..\obj\stmpe811.o
                0x0800637c                stmpe811_SetITType
 .text.stmpe811_ReadGITStatus
                0x080063c4       0x2c ..\obj\stmpe811.o
                0x080063c4                stmpe811_ReadGITStatus
 .text.stmpe811_ClearGlobalIT
                0x080063f0       0x24 ..\obj\stmpe811.o
                0x080063f0                stmpe811_ClearGlobalIT
 .text.stmpe811_IO_Start
                0x08006414       0x4c ..\obj\stmpe811.o
                0x08006414                stmpe811_IO_Start
 .text.stmpe811_IO_Config
                0x08006460      0x148 ..\obj\stmpe811.o
                0x08006460                stmpe811_IO_Config
 .text.stmpe811_IO_InitPin
                0x080065a8       0x60 ..\obj\stmpe811.o
                0x080065a8                stmpe811_IO_InitPin
 .text.stmpe811_IO_EnableAF
                0x08006608       0x44 ..\obj\stmpe811.o
                0x08006608                stmpe811_IO_EnableAF
 .text.stmpe811_IO_DisableAF
                0x0800664c       0x48 ..\obj\stmpe811.o
                0x0800664c                stmpe811_IO_DisableAF
 .text.stmpe811_IO_SetEdgeMode
                0x08006694       0xa8 ..\obj\stmpe811.o
                0x08006694                stmpe811_IO_SetEdgeMode
 .text.stmpe811_IO_WritePin
                0x0800673c       0x44 ..\obj\stmpe811.o
                0x0800673c                stmpe811_IO_WritePin
 .text.stmpe811_IO_ReadPin
                0x08006780       0x30 ..\obj\stmpe811.o
                0x08006780                stmpe811_IO_ReadPin
 .text.stmpe811_IO_EnableIT
                0x080067b0       0x28 ..\obj\stmpe811.o
                0x080067b0                stmpe811_IO_EnableIT
 .text.stmpe811_IO_DisableIT
                0x080067d8       0x24 ..\obj\stmpe811.o
                0x080067d8                stmpe811_IO_DisableIT
 .text.stmpe811_IO_EnablePinIT
                0x080067fc       0x44 ..\obj\stmpe811.o
                0x080067fc                stmpe811_IO_EnablePinIT
 .text.stmpe811_IO_ITStatus
                0x08006840       0x30 ..\obj\stmpe811.o
                0x08006840                stmpe811_IO_ITStatus
 .text.stmpe811_IO_ClearIT
                0x08006870       0x68 ..\obj\stmpe811.o
                0x08006870                stmpe811_IO_ClearIT
 .text.stmpe811_TS_Start
                0x080068d8       0xdc ..\obj\stmpe811.o
                0x080068d8                stmpe811_TS_Start
 .text.stmpe811_TS_DetectTouch
                0x080069b4       0x68 ..\obj\stmpe811.o
                0x080069b4                stmpe811_TS_DetectTouch
 .text.stmpe811_TS_GetXY
                0x08006a1c       0x74 ..\obj\stmpe811.o
                0x08006a1c                stmpe811_TS_GetXY
 .text.stmpe811_TS_EnableIT
                0x08006a90       0x28 ..\obj\stmpe811.o
                0x08006a90                stmpe811_TS_EnableIT
 .text.stmpe811_TS_DisableIT
                0x08006ab8       0x24 ..\obj\stmpe811.o
                0x08006ab8                stmpe811_TS_DisableIT
 .text.stmpe811_TS_ITStatus
                0x08006adc       0x20 ..\obj\stmpe811.o
                0x08006adc                stmpe811_TS_ITStatus
 .text.stmpe811_TS_ClearIT
                0x08006afc       0x1c ..\obj\stmpe811.o
                0x08006afc                stmpe811_TS_ClearIT
 .text.stmpe811_GetInstance
                0x08006b18       0x44 ..\obj\stmpe811.o
 .text.xQueueGenericReset
                0x08006b5c       0xb0 ..\obj\queue.o
                0x08006b5c                xQueueGenericReset
 .text.xQueueGenericCreate
                0x08006c0c       0x84 ..\obj\queue.o
                0x08006c0c                xQueueGenericCreate
 .text.xQueueCreateMutex
                0x08006c90       0x90 ..\obj\queue.o
                0x08006c90                xQueueCreateMutex
 .text.xQueueGenericSend
                0x08006d20      0x180 ..\obj\queue.o
                0x08006d20                xQueueGenericSend
 .text.xQueueGenericSendFromISR
                0x08006ea0       0xd4 ..\obj\queue.o
                0x08006ea0                xQueueGenericSendFromISR
 .text.xQueueGenericReceive
                0x08006f74      0x1bc ..\obj\queue.o
                0x08006f74                xQueueGenericReceive
 .text.prvCopyDataToQueue
                0x08007130       0xd0 ..\obj\queue.o
 .text.prvCopyDataFromQueue
                0x08007200       0x4c ..\obj\queue.o
 .text.prvUnlockQueue
                0x0800724c       0x98 ..\obj\queue.o
 .text.prvIsQueueEmpty
                0x080072e4       0x2c ..\obj\queue.o
 .text.prvIsQueueFull
                0x08007310       0x30 ..\obj\queue.o
 .text.vQueueAddToRegistry
                0x08007340       0x50 ..\obj\queue.o
                0x08007340                vQueueAddToRegistry
 .text.vQueueWaitForMessageRestricted
                0x08007390       0x58 ..\obj\queue.o
                0x08007390                vQueueWaitForMessageRestricted
 .text.pxPortInitialiseStack
                0x080073e8       0x64 ..\obj\port.o
                0x080073e8                pxPortInitialiseStack
 .text.prvTaskExitError
                0x0800744c       0x20 ..\obj\port.o
 .text.SVC_Handler
                0x0800746c       0x20 ..\obj\port.o
                0x0800746c                SVC_Handler
 .text.prvPortStartFirstTask
                0x0800748c       0x1c ..\obj\port.o
 .text.xPortStartScheduler
                0x080074a8       0xd0 ..\obj\port.o
                0x080074a8                xPortStartScheduler
 .text.vPortYield
                0x08007578       0x20 ..\obj\port.o
                0x08007578                vPortYield
 .text.vPortEnterCritical
                0x08007598       0x20 ..\obj\port.o
                0x08007598                vPortEnterCritical
 .text.vPortExitCritical
                0x080075b8       0x30 ..\obj\port.o
                0x080075b8                vPortExitCritical
 .text.ulPortSetInterruptMask
                0x080075e8       0x14 ..\obj\port.o
                0x080075e8                ulPortSetInterruptMask
 .text.vPortClearInterruptMask
                0x080075fc        0x8 ..\obj\port.o
                0x080075fc                vPortClearInterruptMask
 .text.PendSV_Handler
                0x08007604       0x58 ..\obj\port.o
                0x08007604                PendSV_Handler
 .text.xPortSysTickHandler
                0x0800765c       0x28 ..\obj\port.o
                0x0800765c                xPortSysTickHandler
 .text.vPortSetupTimerInterrupt
                0x08007684       0x34 ..\obj\port.o
                0x08007684                vPortSetupTimerInterrupt
 .text.vPortEnableVFP
                0x080076b8       0x14 ..\obj\port.o
 .text.vPortValidateInterruptPriority
                0x080076cc       0x58 ..\obj\port.o
                0x080076cc                vPortValidateInterruptPriority
 .text.HAL_GPIO_Init
                0x08007724      0x344 ..\obj\stm32f4xx_hal_gpio.o
                0x08007724                HAL_GPIO_Init
 .text.HAL_GPIO_WritePin
                0x08007a68       0x30 ..\obj\stm32f4xx_hal_gpio.o
                0x08007a68                HAL_GPIO_WritePin
 .text.HAL_GPIO_TogglePin
                0x08007a98       0x24 ..\obj\stm32f4xx_hal_gpio.o
                0x08007a98                HAL_GPIO_TogglePin
 .text.ili9341_Init
                0x08007abc      0x294 ..\obj\ili9341.o
                0x08007abc                ili9341_Init
 .text.ili9341_WriteReg
                0x08007d50       0x18 ..\obj\ili9341.o
                0x08007d50                ili9341_WriteReg
 .text.ili9341_WriteData
                0x08007d68       0x18 ..\obj\ili9341.o
                0x08007d68                ili9341_WriteData
 .text.FMC_SDRAM_Init
                0x08007d80       0xa4 ..\obj\stm32f4xx_ll_fmc.o
                0x08007d80                FMC_SDRAM_Init
 .text.FMC_SDRAM_Timing_Init
                0x08007e24       0xc0 ..\obj\stm32f4xx_ll_fmc.o
                0x08007e24                FMC_SDRAM_Timing_Init
 .text.FMC_SDRAM_SendCommand
                0x08007ee4       0x7c ..\obj\stm32f4xx_ll_fmc.o
                0x08007ee4                FMC_SDRAM_SendCommand
 .text.FMC_SDRAM_ProgramRefreshRate
                0x08007f60       0x28 ..\obj\stm32f4xx_ll_fmc.o
                0x08007f60                FMC_SDRAM_ProgramRefreshRate
 .text.HAL_MspInit
                0x08007f88        0xc ..\obj\stm32f4xx_hal_msp_template.o
                0x08007f88                HAL_MspInit
 .text.pvPortMalloc
                0x08007f94       0x8c ..\obj\heap_1.o
                0x08007f94                pvPortMalloc
 .text.vPortFree
                0x08008020       0x1c ..\obj\heap_1.o
                0x08008020                vPortFree
 .text.I2Cx_MspInit
                0x0800803c       0xb8 ..\obj\stm32f429i_discovery.o
 .text.I2Cx_Init
                0x080080f4       0x64 ..\obj\stm32f429i_discovery.o
 .text.I2Cx_ITConfig
                0x08008158       0x50 ..\obj\stm32f429i_discovery.o
 .text.I2Cx_WriteData
                0x080081a8       0x54 ..\obj\stm32f429i_discovery.o
 .text.I2Cx_ReadData
                0x080081fc       0x5c ..\obj\stm32f429i_discovery.o
 .text.I2Cx_ReadBuffer
                0x08008258       0x5c ..\obj\stm32f429i_discovery.o
 .text.I2Cx_Error
                0x080082b4       0x14 ..\obj\stm32f429i_discovery.o
 .text.SPIx_Init
                0x080082c8       0x74 ..\obj\stm32f429i_discovery.o
 .text.SPIx_Write
                0x0800833c       0x3c ..\obj\stm32f429i_discovery.o
 .text.SPIx_Error
                0x08008378       0x14 ..\obj\stm32f429i_discovery.o
 .text.SPIx_MspInit
                0x0800838c       0x50 ..\obj\stm32f429i_discovery.o
 .text.LCD_IO_Init
                0x080083dc       0xb8 ..\obj\stm32f429i_discovery.o
                0x080083dc                LCD_IO_Init
 .text.LCD_IO_WriteData
                0x08008494       0x40 ..\obj\stm32f429i_discovery.o
                0x08008494                LCD_IO_WriteData
 .text.LCD_IO_WriteReg
                0x080084d4       0x44 ..\obj\stm32f429i_discovery.o
                0x080084d4                LCD_IO_WriteReg
 .text.LCD_Delay
                0x08008518       0x14 ..\obj\stm32f429i_discovery.o
                0x08008518                LCD_Delay
 .text.IOE_Init
                0x0800852c        0xc ..\obj\stm32f429i_discovery.o
                0x0800852c                IOE_Init
 .text.IOE_ITConfig
                0x08008538        0xc ..\obj\stm32f429i_discovery.o
                0x08008538                IOE_ITConfig
 .text.IOE_Write
                0x08008544       0x28 ..\obj\stm32f429i_discovery.o
                0x08008544                IOE_Write
 .text.IOE_Read
                0x0800856c       0x24 ..\obj\stm32f429i_discovery.o
                0x0800856c                IOE_Read
 .text.IOE_ReadMultiple
                0x08008590       0x2c ..\obj\stm32f429i_discovery.o
                0x08008590                IOE_ReadMultiple
 .text.IOE_Delay
                0x080085bc       0x14 ..\obj\stm32f429i_discovery.o
                0x080085bc                IOE_Delay
 .text.WINDOW_Callback
                0x080085d0      0x12c ..\..\..\Middlewares\STemWin\Lib\libstemwin524b_cm4_os_gcc.a(WINDOW.o)
                0x080085d0                WINDOW_Callback
 .text.WINDOW_CreateUser
                0x080086fc       0x70 ..\..\..\Middlewares\STemWin\Lib\libstemwin524b_cm4_os_gcc.a(WINDOW.o)
                0x080086fc                WINDOW_CreateUser
 .text.WINDOW_CreateIndirect
                0x0800876c       0x3e ..\..\..\Middlewares\STemWin\Lib\libstemwin524b_cm4_os_gcc.a(WINDOW.o)
                0x0800876c                WINDOW_CreateIndirect
 .text._EffectRequiresRedraw
                0x080087aa       0x5e ..\..\..\Middlewares\STemWin\Lib\libstemwin524b_cm4_os_gcc.a(WIDGET.o)
 .text.WIDGET__RotateRect90
                0x08008808       0x24 ..\..\..\Middlewares\STemWin\Lib\libstemwin524b_cm4_os_gcc.a(WIDGET.o)
                0x08008808                WIDGET__RotateRect90
 .text.WIDGET__GetClientRect
                0x0800882c       0x36 ..\..\..\Middlewares\STemWin\Lib\libstemwin524b_cm4_os_gcc.a(WIDGET.o)
                0x0800882c                WIDGET__GetClientRect
 .text.WIDGET__GetInsideRect
                0x08008862       0x1a ..\..\..\Middlewares\STemWin\Lib\libstemwin524b_cm4_os_gcc.a(WIDGET.o)
                0x08008862                WIDGET__GetInsideRect
 .text.WIDGET__GetXSize
                0x0800887c       0x22 ..\..\..\Middlewares\STemWin\Lib\libstemwin524b_cm4_os_gcc.a(WIDGET.o)
                0x0800887c                WIDGET__GetXSize
 .text.WIDGET__GetYSize
                0x0800889e       0x22 ..\..\..\Middlewares\STemWin\Lib\libstemwin524b_cm4_os_gcc.a(WIDGET.o)
                0x0800889e                WIDGET__GetYSize
 .text.WIDGET__GetWindowSizeX
                0x080088c0       0x2c ..\..\..\Middlewares\STemWin\Lib\libstemwin524b_cm4_os_gcc.a(WIDGET.o)
                0x080088c0                WIDGET__GetWindowSizeX
 .text.WIDGET_SetState
                0x080088ec       0x2c ..\..\..\Middlewares\STemWin\Lib\libstemwin524b_cm4_os_gcc.a(WIDGET.o)
                0x080088ec                WIDGET_SetState
 .text.WIDGET_OrState
                0x08008918       0x34 ..\..\..\Middlewares\STemWin\Lib\libstemwin524b_cm4_os_gcc.a(WIDGET.o)
                0x08008918                WIDGET_OrState
 .text.WIDGET_AndState
                0x0800894c       0x32 ..\..\..\Middlewares\STemWin\Lib\libstemwin524b_cm4_os_gcc.a(WIDGET.o)
                0x0800894c                WIDGET_AndState
 *fill*         0x0800897e        0x2 
 .text.WIDGET__Init
                0x08008980       0x10 ..\..\..\Middlewares\STemWin\Lib\libstemwin524b_cm4_os_gcc.a(WIDGET.o)
                0x08008980                WIDGET__Init
 .text.WIDGET_HandleActive
                0x08008990      0x146 ..\..\..\Middlewares\STemWin\Lib\libstemwin524b_cm4_os_gcc.a(WIDGET.o)
                0x08008990                WIDGET_HandleActive
 .text.WIDGET__DrawFocusRect
                0x08008ad6       0x24 ..\..\..\Middlewares\STemWin\Lib\libstemwin524b_cm4_os_gcc.a(WIDGET.o)
                0x08008ad6                WIDGET__DrawFocusRect
 .text.WIDGET__DrawVLine
                0x08008afa       0x44 ..\..\..\Middlewares\STemWin\Lib\libstemwin524b_cm4_os_gcc.a(WIDGET.o)
                0x08008afa                WIDGET__DrawVLine
 .text.WIDGET__FillRectEx
                0x08008b3e       0x1e ..\..\..\Middlewares\STemWin\Lib\libstemwin524b_cm4_os_gcc.a(WIDGET.o)
                0x08008b3e                WIDGET__FillRectEx
 .text.WIDGET__DrawTriangle
                0x08008b5c       0x40 ..\..\..\Middlewares\STemWin\Lib\libstemwin524b_cm4_os_gcc.a(WIDGET.o)
                0x08008b5c                WIDGET__DrawTriangle
 .text.WIDGET__EFFECT_DrawDownRect
                0x08008b9c       0x3a ..\..\..\Middlewares\STemWin\Lib\libstemwin524b_cm4_os_gcc.a(WIDGET.o)
                0x08008b9c                WIDGET__EFFECT_DrawDownRect
 .text.WIDGET__EFFECT_DrawUpRect
                0x08008bd6       0x2e ..\..\..\Middlewares\STemWin\Lib\libstemwin524b_cm4_os_gcc.a(WIDGET.o)
                0x08008bd6                WIDGET__EFFECT_DrawUpRect
 .text.SLIDER_CreateIndirect
                0x08008c04       0x3a ..\..\..\Middlewares\STemWin\Lib\libstemwin524b_cm4_os_gcc.a(SLIDER_CreateIndirect.o)
                0x08008c04                SLIDER_CreateIndirect
 *fill*         0x08008c3e        0x2 
 .text.SLIDER_CreateUser
                0x08008c40       0xa8 ..\..\..\Middlewares\STemWin\Lib\libstemwin524b_cm4_os_gcc.a(SLIDER.o)
                0x08008c40                SLIDER_CreateUser
 .text.SLIDER_Dec
                0x08008ce8       0x44 ..\..\..\Middlewares\STemWin\Lib\libstemwin524b_cm4_os_gcc.a(SLIDER.o)
                0x08008ce8                SLIDER_Dec
 .text.SLIDER_Inc
                0x08008d2c       0x44 ..\..\..\Middlewares\STemWin\Lib\libstemwin524b_cm4_os_gcc.a(SLIDER.o)
                0x08008d2c                SLIDER_Inc
 .text.SLIDER_SetValue
                0x08008d70       0x54 ..\..\..\Middlewares\STemWin\Lib\libstemwin524b_cm4_os_gcc.a(SLIDER.o)
                0x08008d70                SLIDER_SetValue
 .text.SLIDER_Callback
                0x08008dc4      0x162 ..\..\..\Middlewares\STemWin\Lib\libstemwin524b_cm4_os_gcc.a(SLIDER.o)
                0x08008dc4                SLIDER_Callback
 .text.SCROLLBAR_CreateIndirect
                0x08008f26       0x3a ..\..\..\Middlewares\STemWin\Lib\libstemwin524b_cm4_os_gcc.a(SCROLLBAR_CreateIndirect.o)
                0x08008f26                SCROLLBAR_CreateIndirect
 .text._DeleteTimer
                0x08008f60       0x20 ..\..\..\Middlewares\STemWin\Lib\libstemwin524b_cm4_os_gcc.a(SCROLLBAR.o)
 .text.SCROLLBAR__Rect2VRect
                0x08008f80       0x34 ..\..\..\Middlewares\STemWin\Lib\libstemwin524b_cm4_os_gcc.a(SCROLLBAR.o)
                0x08008f80                SCROLLBAR__Rect2VRect
 .text.SCROLLBAR__InvalidatePartner
                0x08008fb4       0x1c ..\..\..\Middlewares\STemWin\Lib\libstemwin524b_cm4_os_gcc.a(SCROLLBAR.o)
                0x08008fb4                SCROLLBAR__InvalidatePartner
 .text.SCROLLBAR_CreateUser
                0x08008fd0      0x108 ..\..\..\Middlewares\STemWin\Lib\libstemwin524b_cm4_os_gcc.a(SCROLLBAR.o)
                0x08008fd0                SCROLLBAR_CreateUser
 .text.SCROLLBAR_SetValue
                0x080090d8       0x56 ..\..\..\Middlewares\STemWin\Lib\libstemwin524b_cm4_os_gcc.a(SCROLLBAR.o)
                0x080090d8                SCROLLBAR_SetValue
 .text.SCROLLBAR_AddValue
                0x0800912e       0x2e ..\..\..\Middlewares\STemWin\Lib\libstemwin524b_cm4_os_gcc.a(SCROLLBAR.o)
                0x0800912e                SCROLLBAR_AddValue
 .text.SCROLLBAR_Inc
                0x0800915c        0x6 ..\..\..\Middlewares\STemWin\Lib\libstemwin524b_cm4_os_gcc.a(SCROLLBAR.o)
                0x0800915c                SCROLLBAR_Inc
 .text.SCROLLBAR_Dec
                0x08009162        0x8 ..\..\..\Middlewares\STemWin\Lib\libstemwin524b_cm4_os_gcc.a(SCROLLBAR.o)
                0x08009162                SCROLLBAR_Dec
 .text.SCROLLBAR_Callback
                0x0800916a      0x3aa ..\..\..\Middlewares\STemWin\Lib\libstemwin524b_cm4_os_gcc.a(SCROLLBAR.o)
                0x0800916a                SCROLLBAR_Callback
 .text.GUI_CreateDialogBox
                0x08009514       0xa6 ..\..\..\Middlewares\STemWin\Lib\libstemwin524b_cm4_os_gcc.a(DIALOG.o)
                0x08009514                GUI_CreateDialogBox
 .text.BUTTON_CreateIndirect
                0x080095ba       0x46 ..\..\..\Middlewares\STemWin\Lib\libstemwin524b_cm4_os_gcc.a(BUTTON_CreateIndirect.o)
                0x080095ba                BUTTON_CreateIndirect
 .text._OnButtonPressed
                0x08009600       0x2e ..\..\..\Middlewares\STemWin\Lib\libstemwin524b_cm4_os_gcc.a(BUTTON.o)
 .text._OnButtonReleased
                0x0800962e       0x3c ..\..\..\Middlewares\STemWin\Lib\libstemwin524b_cm4_os_gcc.a(BUTTON.o)
 .text._OnTouchDefault
                0x0800966a       0x40 ..\..\..\Middlewares\STemWin\Lib\libstemwin524b_cm4_os_gcc.a(BUTTON.o)
 *fill*         0x080096aa        0x2 
 .text.BUTTON_Callback
                0x080096ac       0xd8 ..\..\..\Middlewares\STemWin\Lib\libstemwin524b_cm4_os_gcc.a(BUTTON.o)
                0x080096ac                BUTTON_Callback
 .text.BUTTON_CreateUser
                0x08009784       0x8c ..\..\..\Middlewares\STemWin\Lib\libstemwin524b_cm4_os_gcc.a(BUTTON.o)
                0x08009784                BUTTON_CreateUser
 .text.BUTTON_SetText
                0x08009810       0x5a ..\..\..\Middlewares\STemWin\Lib\libstemwin524b_cm4_os_gcc.a(BUTTON.o)
                0x08009810                BUTTON_SetText
 .text.WM__UpdateChildPositions
                0x0800986a      0x104 ..\..\..\Middlewares\STemWin\Lib\libstemwin524b_cm4_os_gcc.a(WM__UpdateChildPositions.o)
                0x0800986a                WM__UpdateChildPositions
 .text.WM__Screen2Client
                0x0800996e       0x12 ..\..\..\Middlewares\STemWin\Lib\libstemwin524b_cm4_os_gcc.a(WM__Screen2Client.o)
                0x0800996e                WM__Screen2Client
 .text.WM__IsAncestor
                0x08009980       0x22 ..\..\..\Middlewares\STemWin\Lib\libstemwin524b_cm4_os_gcc.a(WM__IsAncestor.o)
                0x08009980                WM__IsAncestor
 .text.WM__IsAncestorOrSelf
                0x080099a2        0xc ..\..\..\Middlewares\STemWin\Lib\libstemwin524b_cm4_os_gcc.a(WM__IsAncestor.o)
                0x080099a2                WM__IsAncestorOrSelf
 .text._cbTimer
                0x080099ae       0x2a ..\..\..\Middlewares\STemWin\Lib\libstemwin524b_cm4_os_gcc.a(WM_Timer.o)
 .text.WM_DeleteTimer
                0x080099d8       0x2e ..\..\..\Middlewares\STemWin\Lib\libstemwin524b_cm4_os_gcc.a(WM_Timer.o)
                0x080099d8                WM_DeleteTimer
 .text.WM__DeleteAssocTimer
                0x08009a06       0x50 ..\..\..\Middlewares\STemWin\Lib\libstemwin524b_cm4_os_gcc.a(WM_Timer.o)
                0x08009a06                WM__DeleteAssocTimer
 *fill*         0x08009a56        0x2 
 .text.WM_CreateTimer
                0x08009a58       0x64 ..\..\..\Middlewares\STemWin\Lib\libstemwin524b_cm4_os_gcc.a(WM_Timer.o)
                0x08009a58                WM_CreateTimer
 .text.WM_RestartTimer
                0x08009abc       0x36 ..\..\..\Middlewares\STemWin\Lib\libstemwin524b_cm4_os_gcc.a(WM_Timer.o)
                0x08009abc                WM_RestartTimer
 .text.WM_InvalidateWindowAndDescs
                0x08009af2       0x34 ..\..\..\Middlewares\STemWin\Lib\libstemwin524b_cm4_os_gcc.a(WM_Show.o)
                0x08009af2                WM_InvalidateWindowAndDescs
 .text.WM_ShowWindow
                0x08009b26       0x30 ..\..\..\Middlewares\STemWin\Lib\libstemwin524b_cm4_os_gcc.a(WM_Show.o)
                0x08009b26                WM_ShowWindow
 .text._GetPrevChild
                0x08009b56       0x1e ..\..\..\Middlewares\STemWin\Lib\libstemwin524b_cm4_os_gcc.a(WM_SetFocusOnPrevChild.o)
 .text.WM_SetFocusOnPrevChild
                0x08009b74       0x42 ..\..\..\Middlewares\STemWin\Lib\libstemwin524b_cm4_os_gcc.a(WM_SetFocusOnPrevChild.o)
                0x08009b74                WM_SetFocusOnPrevChild
 .text._GetNextChild
                0x08009bb6       0x26 ..\..\..\Middlewares\STemWin\Lib\libstemwin524b_cm4_os_gcc.a(WM_SetFocusOnNextChild.o)
 .text.WM_SetFocusOnNextChild
                0x08009bdc       0x70 ..\..\..\Middlewares\STemWin\Lib\libstemwin524b_cm4_os_gcc.a(WM_SetFocusOnNextChild.o)
                0x08009bdc                WM_SetFocusOnNextChild
 .text.WM_SetFocus
                0x08009c4c       0xa8 ..\..\..\Middlewares\STemWin\Lib\libstemwin524b_cm4_os_gcc.a(WM_SetFocus.o)
                0x08009c4c                WM_SetFocus
 .text.WM_SetCreateFlags
                0x08009cf4       0x10 ..\..\..\Middlewares\STemWin\Lib\libstemwin524b_cm4_os_gcc.a(WM_SetCreateFlags.o)
                0x08009cf4                WM_SetCreateFlags
 .text.WM__ReleaseCapture
                0x08009d04       0x34 ..\..\..\Middlewares\STemWin\Lib\libstemwin524b_cm4_os_gcc.a(WM_SetCapture.o)
 .text.WM_SetCapture
                0x08009d38       0x40 ..\..\..\Middlewares\STemWin\Lib\libstemwin524b_cm4_os_gcc.a(WM_SetCapture.o)
                0x08009d38                WM_SetCapture
 .text.WM_ReleaseCapture
                0x08009d78       0x12 ..\..\..\Middlewares\STemWin\Lib\libstemwin524b_cm4_os_gcc.a(WM_SetCapture.o)
                0x08009d78                WM_ReleaseCapture
 .text.WM_SendMessageNoPara
                0x08009d8a       0x1a ..\..\..\Middlewares\STemWin\Lib\libstemwin524b_cm4_os_gcc.a(WM_SendMessageNoPara.o)
                0x08009d8a                WM_SendMessageNoPara
 .text.WM_ResizeWindow
                0x08009da4       0xfe ..\..\..\Middlewares\STemWin\Lib\libstemwin524b_cm4_os_gcc.a(WM_ResizeWindow.o)
                0x08009da4                WM_ResizeWindow
 .text.WM_NotifyParent
                0x08009ea2       0x12 ..\..\..\Middlewares\STemWin\Lib\libstemwin524b_cm4_os_gcc.a(WM_NotifyParent.o)
                0x08009ea2                WM_NotifyParent
 .text._MoveDescendents
                0x08009eb4       0x6c ..\..\..\Middlewares\STemWin\Lib\libstemwin524b_cm4_os_gcc.a(WM_Move.o)
 .text.WM__MoveWindow
                0x08009f20       0xa4 ..\..\..\Middlewares\STemWin\Lib\libstemwin524b_cm4_os_gcc.a(WM_Move.o)
                0x08009f20                WM__MoveWindow
 .text.WM_MoveWindow
                0x08009fc4       0x1e ..\..\..\Middlewares\STemWin\Lib\libstemwin524b_cm4_os_gcc.a(WM_Move.o)
                0x08009fc4                WM_MoveWindow
 .text.WM_IsWindow
                0x08009fe2       0x18 ..\..\..\Middlewares\STemWin\Lib\libstemwin524b_cm4_os_gcc.a(WM_IsWindow.o)
                0x08009fe2                WM_IsWindow
 .text.WM_IsFocussable
                0x08009ffa       0x1e ..\..\..\Middlewares\STemWin\Lib\libstemwin524b_cm4_os_gcc.a(WM_IsFocussable.o)
                0x08009ffa                WM_IsFocussable
 .text.WM_GetWindowSizeX
                0x0800a018       0x36 ..\..\..\Middlewares\STemWin\Lib\libstemwin524b_cm4_os_gcc.a(WM_GetWindowSize.o)
                0x0800a018                WM_GetWindowSizeX
 .text.WM_GetWindowSizeY
                0x0800a04e       0x36 ..\..\..\Middlewares\STemWin\Lib\libstemwin524b_cm4_os_gcc.a(WM_GetWindowSize.o)
                0x0800a04e                WM_GetWindowSizeY
 .text.WM_GetScrollPartner
                0x0800a084       0x28 ..\..\..\Middlewares\STemWin\Lib\libstemwin524b_cm4_os_gcc.a(WM_GetScrollPartner.o)
                0x0800a084                WM_GetScrollPartner
 .text.WM_GetParent
                0x0800a0ac       0x1a ..\..\..\Middlewares\STemWin\Lib\libstemwin524b_cm4_os_gcc.a(WM_GetParent.o)
                0x0800a0ac                WM_GetParent
 .text.WM_GetInsideRectEx
                0x0800a0c6       0x16 ..\..\..\Middlewares\STemWin\Lib\libstemwin524b_cm4_os_gcc.a(WM_GetInsideRect.o)
                0x0800a0c6                WM_GetInsideRectEx
 .text.WM_GetId
                0x0800a0dc       0x20 ..\..\..\Middlewares\STemWin\Lib\libstemwin524b_cm4_os_gcc.a(WM_GetId.o)
                0x0800a0dc                WM_GetId
 .text.WM_GetFocussedWindow
                0x0800a0fc       0x20 ..\..\..\Middlewares\STemWin\Lib\libstemwin524b_cm4_os_gcc.a(WM_GetFocussedWindow.o)
                0x0800a0fc                WM_GetFocussedWindow
 .text.WM_GetFirstChild
                0x0800a11c       0x1a ..\..\..\Middlewares\STemWin\Lib\libstemwin524b_cm4_os_gcc.a(WM_GetFirstChild.o)
                0x0800a11c                WM_GetFirstChild
 .text._GetDialogItem
                0x0800a136       0x3c ..\..\..\Middlewares\STemWin\Lib\libstemwin524b_cm4_os_gcc.a(WM_GetDialogItem.o)
 .text.WM_GetDialogItem
                0x0800a172       0x1e ..\..\..\Middlewares\STemWin\Lib\libstemwin524b_cm4_os_gcc.a(WM_GetDialogItem.o)
                0x0800a172                WM_GetDialogItem
 .text.WM_GetDesktopWindow
                0x0800a190       0x18 ..\..\..\Middlewares\STemWin\Lib\libstemwin524b_cm4_os_gcc.a(WM_GetDesktopWindow.o)
                0x0800a190                WM_GetDesktopWindow
 .text.WM_GetClientWindow
                0x0800a1a8       0x1a ..\..\..\Middlewares\STemWin\Lib\libstemwin524b_cm4_os_gcc.a(WM_GetClientWindow.o)
                0x0800a1a8                WM_GetClientWindow
 .text.WM__GetClientRectEx
                0x0800a1c2       0x20 ..\..\..\Middlewares\STemWin\Lib\libstemwin524b_cm4_os_gcc.a(WM_GetClientRect.o)
                0x0800a1c2                WM__GetClientRectEx
 .text.WM_GetClientRectEx
                0x0800a1e2       0x1a ..\..\..\Middlewares\STemWin\Lib\libstemwin524b_cm4_os_gcc.a(WM_GetClientRect.o)
                0x0800a1e2                WM_GetClientRectEx
 .text.WM_GetClientRect
                0x0800a1fc       0x2c ..\..\..\Middlewares\STemWin\Lib\libstemwin524b_cm4_os_gcc.a(WM_GetClientRect.o)
                0x0800a1fc                WM_GetClientRect
 .text._cbInvalidateOne
                0x0800a228        0x4 ..\..\..\Middlewares\STemWin\Lib\libstemwin524b_cm4_os_gcc.a(WM_BringToTop.o)
 .text.WM_BringToTop
                0x0800a22c       0x80 ..\..\..\Middlewares\STemWin\Lib\libstemwin524b_cm4_os_gcc.a(WM_BringToTop.o)
                0x0800a22c                WM_BringToTop
 .text._OnExit  0x0800a2ac       0x50 ..\..\..\Middlewares\STemWin\Lib\libstemwin524b_cm4_os_gcc.a(WM.o)
 .text._Paint1  0x0800a2fc       0x24 ..\..\..\Middlewares\STemWin\Lib\libstemwin524b_cm4_os_gcc.a(WM.o)
 .text._Paint1Trans
                0x0800a320       0x94 ..\..\..\Middlewares\STemWin\Lib\libstemwin524b_cm4_os_gcc.a(WM.o)
 .text._PaintTransChildren
                0x0800a3b4       0xac ..\..\..\Middlewares\STemWin\Lib\libstemwin524b_cm4_os_gcc.a(WM.o)
 .text._Findy1  0x0800a460       0xac ..\..\..\Middlewares\STemWin\Lib\libstemwin524b_cm4_os_gcc.a(WM.o)
 .text._Findx0  0x0800a50c       0x8a ..\..\..\Middlewares\STemWin\Lib\libstemwin524b_cm4_os_gcc.a(WM.o)
 .text._Findx1  0x0800a596       0x76 ..\..\..\Middlewares\STemWin\Lib\libstemwin524b_cm4_os_gcc.a(WM.o)
 .text.WM__PaintWinAndOverlays
                0x0800a60c       0x74 ..\..\..\Middlewares\STemWin\Lib\libstemwin524b_cm4_os_gcc.a(WM.o)
 .text._cbPaintMemDev
                0x0800a680       0x58 ..\..\..\Middlewares\STemWin\Lib\libstemwin524b_cm4_os_gcc.a(WM.o)
 .text.WM__ClipAtParentBorders
                0x0800a6d8       0x60 ..\..\..\Middlewares\STemWin\Lib\libstemwin524b_cm4_os_gcc.a(WM.o)
                0x0800a6d8                WM__ClipAtParentBorders
 .text.WM__InsertWindowIntoList
                0x0800a738       0x9c ..\..\..\Middlewares\STemWin\Lib\libstemwin524b_cm4_os_gcc.a(WM.o)
                0x0800a738                WM__InsertWindowIntoList
 .text.WM__RemoveWindowFromList
                0x0800a7d4       0x3c ..\..\..\Middlewares\STemWin\Lib\libstemwin524b_cm4_os_gcc.a(WM.o)
                0x0800a7d4                WM__RemoveWindowFromList
 .text.WM__Client2Screen
                0x0800a810       0x10 ..\..\..\Middlewares\STemWin\Lib\libstemwin524b_cm4_os_gcc.a(WM.o)
                0x0800a810                WM__Client2Screen
 .text._SetClipRectUserIntersect
                0x0800a820       0x50 ..\..\..\Middlewares\STemWin\Lib\libstemwin524b_cm4_os_gcc.a(WM.o)
 .text.WM__ActivateClipRect
                0x0800a870       0x48 ..\..\..\Middlewares\STemWin\Lib\libstemwin524b_cm4_os_gcc.a(WM.o)
                0x0800a870                WM__ActivateClipRect
 .text.WM__IsWindow
                0x0800a8b8       0x20 ..\..\..\Middlewares\STemWin\Lib\libstemwin524b_cm4_os_gcc.a(WM.o)
                0x0800a8b8                WM__IsWindow
 .text.WM__InvalidateDrawAndDescs
                0x0800a8d8       0x50 ..\..\..\Middlewares\STemWin\Lib\libstemwin524b_cm4_os_gcc.a(WM.o)
                0x0800a8d8                WM__InvalidateDrawAndDescs
 .text.WM__RemoveFromLinList
                0x0800a928       0x28 ..\..\..\Middlewares\STemWin\Lib\libstemwin524b_cm4_os_gcc.a(WM.o)
                0x0800a928                WM__RemoveFromLinList
 .text.WM__RectIsNZ
                0x0800a950       0x22 ..\..\..\Middlewares\STemWin\Lib\libstemwin524b_cm4_os_gcc.a(WM.o)
                0x0800a950                WM__RectIsNZ
 *fill*         0x0800a972        0x2 
 .text._Invalidate1Abs
                0x0800a974       0x88 ..\..\..\Middlewares\STemWin\Lib\libstemwin524b_cm4_os_gcc.a(WM.o)
 .text.WM_InvalidateWindowAndDescsEx
                0x0800a9fc       0x5c ..\..\..\Middlewares\STemWin\Lib\libstemwin524b_cm4_os_gcc.a(WM.o)
                0x0800a9fc                WM_InvalidateWindowAndDescsEx
 .text.WM__InvalidateRect
                0x0800aa58       0x76 ..\..\..\Middlewares\STemWin\Lib\libstemwin524b_cm4_os_gcc.a(WM.o)
                0x0800aa58                WM__InvalidateRect
 .text.WM__InvalidateRectEx
                0x0800aace        0x6 ..\..\..\Middlewares\STemWin\Lib\libstemwin524b_cm4_os_gcc.a(WM.o)
                0x0800aace                WM__InvalidateRectEx
 .text.WM__DetachWindow
                0x0800aad4       0x28 ..\..\..\Middlewares\STemWin\Lib\libstemwin524b_cm4_os_gcc.a(WM.o)
                0x0800aad4                WM__DetachWindow
 .text.WM__InvalidateParent
                0x0800aafc       0x2a ..\..\..\Middlewares\STemWin\Lib\libstemwin524b_cm4_os_gcc.a(WM.o)
                0x0800aafc                WM__InvalidateParent
 .text.WM__Invalidate1Abs
                0x0800ab26        0x6 ..\..\..\Middlewares\STemWin\Lib\libstemwin524b_cm4_os_gcc.a(WM.o)
                0x0800ab26                WM__Invalidate1Abs
 .text.WM_SendMessage
                0x0800ab2c       0x1e ..\..\..\Middlewares\STemWin\Lib\libstemwin524b_cm4_os_gcc.a(WM.o)
                0x0800ab2c                WM_SendMessage
 .text.WM__SendMsgNoData
                0x0800ab4a       0x14 ..\..\..\Middlewares\STemWin\Lib\libstemwin524b_cm4_os_gcc.a(WM.o)
                0x0800ab4a                WM__SendMsgNoData
 .text.WM__GetClientRectWin
                0x0800ab5e       0x18 ..\..\..\Middlewares\STemWin\Lib\libstemwin524b_cm4_os_gcc.a(WM.o)
                0x0800ab5e                WM__GetClientRectWin
 .text.WM_InvalidateRect
                0x0800ab76       0x82 ..\..\..\Middlewares\STemWin\Lib\libstemwin524b_cm4_os_gcc.a(WM.o)
                0x0800ab76                WM_InvalidateRect
 .text.WM_InvalidateWindow
                0x0800abf8        0x6 ..\..\..\Middlewares\STemWin\Lib\libstemwin524b_cm4_os_gcc.a(WM.o)
                0x0800abf8                WM_InvalidateWindow
 *fill*         0x0800abfe        0x2 
 .text.WM__GetTopLevelLayer
                0x0800ac00       0x28 ..\..\..\Middlewares\STemWin\Lib\libstemwin524b_cm4_os_gcc.a(WM.o)
                0x0800ac00                WM__GetTopLevelLayer
 .text.WM__SelectTopLevelLayer
                0x0800ac28       0x14 ..\..\..\Middlewares\STemWin\Lib\libstemwin524b_cm4_os_gcc.a(WM.o)
                0x0800ac28                WM__SelectTopLevelLayer
 .text.WM_SelectWindow
                0x0800ac3c       0x48 ..\..\..\Middlewares\STemWin\Lib\libstemwin524b_cm4_os_gcc.a(WM.o)
                0x0800ac3c                WM_SelectWindow
 .text.WM_DeleteWindow
                0x0800ac84       0xfc ..\..\..\Middlewares\STemWin\Lib\libstemwin524b_cm4_os_gcc.a(WM.o)
                0x0800ac84                WM_DeleteWindow
 .text.WM_CreateWindowAsChild
                0x0800ad80      0x168 ..\..\..\Middlewares\STemWin\Lib\libstemwin524b_cm4_os_gcc.a(WM.o)
                0x0800ad80                WM_CreateWindowAsChild
 .text.WM_GetActiveWindow
                0x0800aee8        0xc ..\..\..\Middlewares\STemWin\Lib\libstemwin524b_cm4_os_gcc.a(WM.o)
                0x0800aee8                WM_GetActiveWindow
 .text.WM__GetNextIVR
                0x0800aef4      0x180 ..\..\..\Middlewares\STemWin\Lib\libstemwin524b_cm4_os_gcc.a(WM.o)
                0x0800aef4                WM__GetNextIVR
 .text.WM__InitIVRSearch
                0x0800b074      0x100 ..\..\..\Middlewares\STemWin\Lib\libstemwin524b_cm4_os_gcc.a(WM.o)
                0x0800b074                WM__InitIVRSearch
 .text.WM_SetDefault
                0x0800b174       0x14 ..\..\..\Middlewares\STemWin\Lib\libstemwin524b_cm4_os_gcc.a(WM.o)
                0x0800b174                WM_SetDefault
 .text.WM__Paint1
                0x0800b188       0x90 ..\..\..\Middlewares\STemWin\Lib\libstemwin524b_cm4_os_gcc.a(WM.o)
                0x0800b188                WM__Paint1
 .text.WM__Paint
                0x0800b218       0xb4 ..\..\..\Middlewares\STemWin\Lib\libstemwin524b_cm4_os_gcc.a(WM.o)
                0x0800b218                WM__Paint
 .text.WM_Exec  0x0800b2cc      0x178 ..\..\..\Middlewares\STemWin\Lib\libstemwin524b_cm4_os_gcc.a(WM.o)
                0x0800b2cc                WM_Exec
 .text.WM_Activate
                0x0800b444       0x10 ..\..\..\Middlewares\STemWin\Lib\libstemwin524b_cm4_os_gcc.a(WM.o)
                0x0800b444                WM_Activate
 .text.WM_Deactivate
                0x0800b454       0x20 ..\..\..\Middlewares\STemWin\Lib\libstemwin524b_cm4_os_gcc.a(WM.o)
                0x0800b454                WM_Deactivate
 .text.WM_DefaultProc
                0x0800b474       0x48 ..\..\..\Middlewares\STemWin\Lib\libstemwin524b_cm4_os_gcc.a(WM.o)
                0x0800b474                WM_DefaultProc
 .text.cbBackWin
                0x0800b4bc       0x68 ..\..\..\Middlewares\STemWin\Lib\libstemwin524b_cm4_os_gcc.a(WM.o)
 .text.WM_Init  0x0800b524       0xf4 ..\..\..\Middlewares\STemWin\Lib\libstemwin524b_cm4_os_gcc.a(WM.o)
                0x0800b524                WM_Init
 .text._CreateStaticDevice
                0x0800b618      0x15c ..\..\..\Middlewares\STemWin\Lib\libstemwin524b_cm4_os_gcc.a(GUIDEV_StaticDevices.o)
 .text.GUI_MEMDEV_Paint1Static
                0x0800b774       0x1c ..\..\..\Middlewares\STemWin\Lib\libstemwin524b_cm4_os_gcc.a(GUIDEV_StaticDevices.o)
                0x0800b774                GUI_MEMDEV_Paint1Static
 .text.GUI_MEMDEV_SetOrg
                0x0800b790       0x60 ..\..\..\Middlewares\STemWin\Lib\libstemwin524b_cm4_os_gcc.a(GUIDEV_SetOrg.o)
                0x0800b790                GUI_MEMDEV_SetOrg
 .text.GUI_MEMDEV_GetYSize
                0x0800b7f0       0x34 ..\..\..\Middlewares\STemWin\Lib\libstemwin524b_cm4_os_gcc.a(GUIDEV_GetYSize.o)
                0x0800b7f0                GUI_MEMDEV_GetYSize
 .text.GUI_MEMDEV_GetDataPtr
                0x0800b824       0x24 ..\..\..\Middlewares\STemWin\Lib\libstemwin524b_cm4_os_gcc.a(GUIDEV_GetDataPtr.o)
                0x0800b824                GUI_MEMDEV_GetDataPtr
 .text.GUI_MEMDEV_Draw
                0x0800b848      0x12c ..\..\..\Middlewares\STemWin\Lib\libstemwin524b_cm4_os_gcc.a(GUIDEV_Banding.o)
                0x0800b848                GUI_MEMDEV_Draw
 .text._GetDevData
                0x0800b974       0x10 ..\..\..\Middlewares\STemWin\Lib\libstemwin524b_cm4_os_gcc.a(GUIDEV_32.o)
 .text._GetDevFunc
                0x0800b984       0x10 ..\..\..\Middlewares\STemWin\Lib\libstemwin524b_cm4_os_gcc.a(GUIDEV_32.o)
 .text._GetDevProp
                0x0800b994        0xa ..\..\..\Middlewares\STemWin\Lib\libstemwin524b_cm4_os_gcc.a(GUIDEV_32.o)
 .text._SetOrg  0x0800b99e        0xc ..\..\..\Middlewares\STemWin\Lib\libstemwin524b_cm4_os_gcc.a(GUIDEV_32.o)
 .text._GetRect
                0x0800b9aa       0x30 ..\..\..\Middlewares\STemWin\Lib\libstemwin524b_cm4_os_gcc.a(GUIDEV_32.o)
 *fill*         0x0800b9da        0x2 
 .text._XY2PTR  0x0800b9dc       0x40 ..\..\..\Middlewares\STemWin\Lib\libstemwin524b_cm4_os_gcc.a(GUIDEV_32.o)
 .text._GetPixelIndex
                0x0800ba1c        0xe ..\..\..\Middlewares\STemWin\Lib\libstemwin524b_cm4_os_gcc.a(GUIDEV_32.o)
 *fill*         0x0800ba2a        0x2 
 .text._XorPixel
                0x0800ba2c       0x5c ..\..\..\Middlewares\STemWin\Lib\libstemwin524b_cm4_os_gcc.a(GUIDEV_32.o)
 .text._SetPixelIndex
                0x0800ba88       0x4c ..\..\..\Middlewares\STemWin\Lib\libstemwin524b_cm4_os_gcc.a(GUIDEV_32.o)
 .text._DrawVLine
                0x0800bad4       0xb8 ..\..\..\Middlewares\STemWin\Lib\libstemwin524b_cm4_os_gcc.a(GUIDEV_32.o)
 .text._FillRect
                0x0800bb8c       0xbc ..\..\..\Middlewares\STemWin\Lib\libstemwin524b_cm4_os_gcc.a(GUIDEV_32.o)
 .text._DrawHLine
                0x0800bc48        0xa ..\..\..\Middlewares\STemWin\Lib\libstemwin524b_cm4_os_gcc.a(GUIDEV_32.o)
 *fill*         0x0800bc52        0x2 
 .text._DrawBitmap
                0x0800bc54      0x710 ..\..\..\Middlewares\STemWin\Lib\libstemwin524b_cm4_os_gcc.a(GUIDEV_32.o)
 .text.GUI_MEMDEV__WriteToActiveAt
                0x0800c364       0x36 ..\..\..\Middlewares\STemWin\Lib\libstemwin524b_cm4_os_gcc.a(GUIDEV.o)
                0x0800c364                GUI_MEMDEV__WriteToActiveAt
 *fill*         0x0800c39a        0x2 
 .text.GUI_MEMDEV__CreateFixed
                0x0800c39c       0xfc ..\..\..\Middlewares\STemWin\Lib\libstemwin524b_cm4_os_gcc.a(GUIDEV.o)
                0x0800c39c                GUI_MEMDEV__CreateFixed
 .text.GUI_MEMDEV_GetBitsPerPixel
                0x0800c498       0x36 ..\..\..\Middlewares\STemWin\Lib\libstemwin524b_cm4_os_gcc.a(GUIDEV.o)
                0x0800c498                GUI_MEMDEV_GetBitsPerPixel
 *fill*         0x0800c4ce        0x2 
 .text.GUI_MEMDEV_Delete
                0x0800c4d0       0x4c ..\..\..\Middlewares\STemWin\Lib\libstemwin524b_cm4_os_gcc.a(GUIDEV.o)
                0x0800c4d0                GUI_MEMDEV_Delete
 .text.GUI_MEMDEV_CreateEx
                0x0800c51c       0x7c ..\..\..\Middlewares\STemWin\Lib\libstemwin524b_cm4_os_gcc.a(GUIDEV.o)
                0x0800c51c                GUI_MEMDEV_CreateEx
 .text.GUI_MEMDEV_Select
                0x0800c598       0x54 ..\..\..\Middlewares\STemWin\Lib\libstemwin524b_cm4_os_gcc.a(GUIDEV.o)
                0x0800c598                GUI_MEMDEV_Select
 .text.GUI_MEMDEV_CopyToLCDAt
                0x0800c5ec       0xac ..\..\..\Middlewares\STemWin\Lib\libstemwin524b_cm4_os_gcc.a(GUIDEV.o)
                0x0800c5ec                GUI_MEMDEV_CopyToLCDAt
 .text.GUI_MEMDEV_CopyToLCD
                0x0800c698        0xc ..\..\..\Middlewares\STemWin\Lib\libstemwin524b_cm4_os_gcc.a(GUIDEV.o)
                0x0800c698                GUI_MEMDEV_CopyToLCD
 .text._GetRect
                0x0800c6a4       0x16 ..\..\..\Middlewares\STemWin\Lib\libstemwin524b_cm4_os_gcc.a(GUIDRV_Lin_32.o)
 .text._SetPixelIndex
                0x0800c6ba       0x12 ..\..\..\Middlewares\STemWin\Lib\libstemwin524b_cm4_os_gcc.a(GUIDRV_Lin_32.o)
 .text._GetPixelIndex
                0x0800c6cc       0x10 ..\..\..\Middlewares\STemWin\Lib\libstemwin524b_cm4_os_gcc.a(GUIDRV_Lin_32.o)
 .text._XorPixel
                0x0800c6dc       0x28 ..\..\..\Middlewares\STemWin\Lib\libstemwin524b_cm4_os_gcc.a(GUIDRV_Lin_32.o)
 .text._FillRect
                0x0800c704      0x128 ..\..\..\Middlewares\STemWin\Lib\libstemwin524b_cm4_os_gcc.a(GUIDRV_Lin_32.o)
 .text._DrawHLine
                0x0800c82c        0xa ..\..\..\Middlewares\STemWin\Lib\libstemwin524b_cm4_os_gcc.a(GUIDRV_Lin_32.o)
 .text._DrawVLine
                0x0800c836        0xc ..\..\..\Middlewares\STemWin\Lib\libstemwin524b_cm4_os_gcc.a(GUIDRV_Lin_32.o)
 *fill*         0x0800c842        0x2 
 .text._DrawBitmap
                0x0800c844      0x4b0 ..\..\..\Middlewares\STemWin\Lib\libstemwin524b_cm4_os_gcc.a(GUIDRV_Lin_32.o)
 .text._GetDevProp
                0x0800ccf4       0x3c ..\..\..\Middlewares\STemWin\Lib\libstemwin524b_cm4_os_gcc.a(GUIDRV_Lin_32.o)
 .text._GetDevData
                0x0800cd30       0x10 ..\..\..\Middlewares\STemWin\Lib\libstemwin524b_cm4_os_gcc.a(GUIDRV_Lin_32.o)
 .text._ReadRect
                0x0800cd40       0x6a ..\..\..\Middlewares\STemWin\Lib\libstemwin524b_cm4_os_gcc.a(GUIDRV_Lin_32.o)
 *fill*         0x0800cdaa        0x2 
 .text._GetDevFunc
                0x0800cdac       0xdc ..\..\..\Middlewares\STemWin\Lib\libstemwin524b_cm4_os_gcc.a(GUIDRV_Lin_32.o)
 .text._InitOnce
                0x0800ce88       0x24 ..\..\..\Middlewares\STemWin\Lib\libstemwin524b_cm4_os_gcc.a(GUIDRV_Lin_32.o)
 .text._SetDevFunc
                0x0800ceac       0x44 ..\..\..\Middlewares\STemWin\Lib\libstemwin524b_cm4_os_gcc.a(GUIDRV_Lin_32.o)
 .text._GetPos  0x0800cef0       0x1a ..\..\..\Middlewares\STemWin\Lib\libstemwin524b_cm4_os_gcc.a(GUIDRV_Lin_32.o)
 .text._ShowBuffer
                0x0800cf0a       0x22 ..\..\..\Middlewares\STemWin\Lib\libstemwin524b_cm4_os_gcc.a(GUIDRV_Lin_32.o)
 .text._SetChroma
                0x0800cf2c       0x12 ..\..\..\Middlewares\STemWin\Lib\libstemwin524b_cm4_os_gcc.a(GUIDRV_Lin_32.o)
 .text._SetChromaMode
                0x0800cf3e       0x12 ..\..\..\Middlewares\STemWin\Lib\libstemwin524b_cm4_os_gcc.a(GUIDRV_Lin_32.o)
 .text._SetAlphaMode
                0x0800cf50       0x12 ..\..\..\Middlewares\STemWin\Lib\libstemwin524b_cm4_os_gcc.a(GUIDRV_Lin_32.o)
 .text._Off     0x0800cf62        0xa ..\..\..\Middlewares\STemWin\Lib\libstemwin524b_cm4_os_gcc.a(GUIDRV_Lin_32.o)
 .text._On      0x0800cf6c        0xa ..\..\..\Middlewares\STemWin\Lib\libstemwin524b_cm4_os_gcc.a(GUIDRV_Lin_32.o)
 .text._Init    0x0800cf76       0x18 ..\..\..\Middlewares\STemWin\Lib\libstemwin524b_cm4_os_gcc.a(GUIDRV_Lin_32.o)
 .text._SetVis  0x0800cf8e       0x24 ..\..\..\Middlewares\STemWin\Lib\libstemwin524b_cm4_os_gcc.a(GUIDRV_Lin_32.o)
 .text._SetAlpha
                0x0800cfb2       0x24 ..\..\..\Middlewares\STemWin\Lib\libstemwin524b_cm4_os_gcc.a(GUIDRV_Lin_32.o)
 .text._SetPos  0x0800cfd6       0x2a ..\..\..\Middlewares\STemWin\Lib\libstemwin524b_cm4_os_gcc.a(GUIDRV_Lin_32.o)
 .text._SetVRAMAddr
                0x0800d000       0x26 ..\..\..\Middlewares\STemWin\Lib\libstemwin524b_cm4_os_gcc.a(GUIDRV_Lin_32.o)
 .text._CopyBuffer
                0x0800d026       0x50 ..\..\..\Middlewares\STemWin\Lib\libstemwin524b_cm4_os_gcc.a(GUIDRV_Lin_32.o)
 .text._SetSize
                0x0800d076       0x3e ..\..\..\Middlewares\STemWin\Lib\libstemwin524b_cm4_os_gcc.a(GUIDRV_Lin_32.o)
 .text._SetVSize
                0x0800d0b4       0x24 ..\..\..\Middlewares\STemWin\Lib\libstemwin524b_cm4_os_gcc.a(GUIDRV_Lin_32.o)
 .text._SetOrg  0x0800d0d8       0x92 ..\..\..\Middlewares\STemWin\Lib\libstemwin524b_cm4_os_gcc.a(GUIDRV_Lin_32.o)
 *fill*         0x0800d16a        0x2 
 .text.LCD_UpdateColorIndices
                0x0800d16c       0x24 ..\..\..\Middlewares\STemWin\Lib\libstemwin524b_cm4_os_gcc.a(LCD_UpdateColorIndices.o)
                0x0800d16c                LCD_UpdateColorIndices
 .text.LCD_SetClipRectEx
                0x0800d190       0x30 ..\..\..\Middlewares\STemWin\Lib\libstemwin524b_cm4_os_gcc.a(LCD_SetClipRectEx.o)
                0x0800d190                LCD_SetClipRectEx
 .text.LCD_SetVRAMAddrEx
                0x0800d1c0       0x2a ..\..\..\Middlewares\STemWin\Lib\libstemwin524b_cm4_os_gcc.a(LCD_Set.o)
                0x0800d1c0                LCD_SetVRAMAddrEx
 .text.LCD_SetVSizeEx
                0x0800d1ea       0x2e ..\..\..\Middlewares\STemWin\Lib\libstemwin524b_cm4_os_gcc.a(LCD_Set.o)
                0x0800d1ea                LCD_SetVSizeEx
 .text.LCD_SetSizeEx
                0x0800d218       0x2e ..\..\..\Middlewares\STemWin\Lib\libstemwin524b_cm4_os_gcc.a(LCD_Set.o)
                0x0800d218                LCD_SetSizeEx
 .text.LCD_SetPosEx
                0x0800d246       0x2e ..\..\..\Middlewares\STemWin\Lib\libstemwin524b_cm4_os_gcc.a(LCD_Set.o)
                0x0800d246                LCD_SetPosEx
 .text.LCD_SetLUTEntryEx
                0x0800d274       0x2e ..\..\..\Middlewares\STemWin\Lib\libstemwin524b_cm4_os_gcc.a(LCD_Set.o)
                0x0800d274                LCD_SetLUTEntryEx
 .text.LCD_GetPosEx
                0x0800d2a2       0x2e ..\..\..\Middlewares\STemWin\Lib\libstemwin524b_cm4_os_gcc.a(LCD_Set.o)
                0x0800d2a2                LCD_GetPosEx
 .text.LCD_SetDevFunc
                0x0800d2d0       0x2e ..\..\..\Middlewares\STemWin\Lib\libstemwin524b_cm4_os_gcc.a(LCD_Set.o)
                0x0800d2d0                LCD_SetDevFunc
 .text._GetDevProp
                0x0800d2fe       0x1e ..\..\..\Middlewares\STemWin\Lib\libstemwin524b_cm4_os_gcc.a(LCD_GetEx.o)
 .text._GetMaxValue
                0x0800d31c       0x22 ..\..\..\Middlewares\STemWin\Lib\libstemwin524b_cm4_os_gcc.a(LCD_GetEx.o)
 .text.LCD_GetXSizeEx
                0x0800d33e        0x6 ..\..\..\Middlewares\STemWin\Lib\libstemwin524b_cm4_os_gcc.a(LCD_GetEx.o)
                0x0800d33e                LCD_GetXSizeEx
 .text.LCD_GetYSizeEx
                0x0800d344        0x6 ..\..\..\Middlewares\STemWin\Lib\libstemwin524b_cm4_os_gcc.a(LCD_GetEx.o)
                0x0800d344                LCD_GetYSizeEx
 .text.LCD_GetVXSizeEx
                0x0800d34a        0x6 ..\..\..\Middlewares\STemWin\Lib\libstemwin524b_cm4_os_gcc.a(LCD_GetEx.o)
                0x0800d34a                LCD_GetVXSizeEx
 .text.LCD_GetVYSizeEx
                0x0800d350        0x6 ..\..\..\Middlewares\STemWin\Lib\libstemwin524b_cm4_os_gcc.a(LCD_GetEx.o)
                0x0800d350                LCD_GetVYSizeEx
 .text.LCD_GetBitsPerPixelEx
                0x0800d356        0x6 ..\..\..\Middlewares\STemWin\Lib\libstemwin524b_cm4_os_gcc.a(LCD_GetEx.o)
                0x0800d356                LCD_GetBitsPerPixelEx
 .text.LCD_GetNumColorsEx
                0x0800d35c        0x6 ..\..\..\Middlewares\STemWin\Lib\libstemwin524b_cm4_os_gcc.a(LCD_GetEx.o)
                0x0800d35c                LCD_GetNumColorsEx
 .text.LCD_GetMirrorXEx
                0x0800d362        0x6 ..\..\..\Middlewares\STemWin\Lib\libstemwin524b_cm4_os_gcc.a(LCD_GetEx.o)
                0x0800d362                LCD_GetMirrorXEx
 .text.LCD_GetMirrorYEx
                0x0800d368        0x6 ..\..\..\Middlewares\STemWin\Lib\libstemwin524b_cm4_os_gcc.a(LCD_GetEx.o)
                0x0800d368                LCD_GetMirrorYEx
 .text.LCD_GetSwapXYEx
                0x0800d36e        0x6 ..\..\..\Middlewares\STemWin\Lib\libstemwin524b_cm4_os_gcc.a(LCD_GetEx.o)
                0x0800d36e                LCD_GetSwapXYEx
 .text.LCD_GetXSize
                0x0800d374       0x10 ..\..\..\Middlewares\STemWin\Lib\libstemwin524b_cm4_os_gcc.a(LCD_GetEx.o)
                0x0800d374                LCD_GetXSize
 .text.LCD_GetYSize
                0x0800d384       0x10 ..\..\..\Middlewares\STemWin\Lib\libstemwin524b_cm4_os_gcc.a(LCD_GetEx.o)
                0x0800d384                LCD_GetYSize
 .text.LCD_GetNumColors
                0x0800d394       0x10 ..\..\..\Middlewares\STemWin\Lib\libstemwin524b_cm4_os_gcc.a(LCD_GetEx.o)
                0x0800d394                LCD_GetNumColors
 .text.GUI_GetBitsPerPixelEx
                0x0800d3a4       0x18 ..\..\..\Middlewares\STemWin\Lib\libstemwin524b_cm4_os_gcc.a(LCD_GetEx.o)
                0x0800d3a4                GUI_GetBitsPerPixelEx
 .text.LCD_GetDevFunc
                0x0800d3bc       0x18 ..\..\..\Middlewares\STemWin\Lib\libstemwin524b_cm4_os_gcc.a(LCD_GetEx.o)
                0x0800d3bc                LCD_GetDevFunc
 .text.LCD_GetPaletteEx
                0x0800d3d4       0x14 ..\..\..\Middlewares\STemWin\Lib\libstemwin524b_cm4_os_gcc.a(LCD_GetEx.o)
                0x0800d3d4                LCD_GetPaletteEx
 .text.LCD_GetPalette
                0x0800d3e8       0x10 ..\..\..\Middlewares\STemWin\Lib\libstemwin524b_cm4_os_gcc.a(LCD_GetEx.o)
                0x0800d3e8                LCD_GetPalette
 .text.GUI_GetpfIndex2ColorEx
                0x0800d3f8       0x10 ..\..\..\Middlewares\STemWin\Lib\libstemwin524b_cm4_os_gcc.a(LCD_GetEx.o)
                0x0800d3f8                GUI_GetpfIndex2ColorEx
 .text.GUI_GetpfColor2IndexEx
                0x0800d408       0x10 ..\..\..\Middlewares\STemWin\Lib\libstemwin524b_cm4_os_gcc.a(LCD_GetEx.o)
                0x0800d408                GUI_GetpfColor2IndexEx
 .text.LCD_GetVXSizeMax
                0x0800d418        0x6 ..\..\..\Middlewares\STemWin\Lib\libstemwin524b_cm4_os_gcc.a(LCD_GetEx.o)
                0x0800d418                LCD_GetVXSizeMax
 .text.LCD__GetBPP
                0x0800d41e       0x82 ..\..\..\Middlewares\STemWin\Lib\libstemwin524b_cm4_os_gcc.a(LCD_GetEx.o)
                0x0800d41e                LCD__GetBPP
 .text.LCD__GetBPPDevice
                0x0800d4a0       0x2c ..\..\..\Middlewares\STemWin\Lib\libstemwin524b_cm4_os_gcc.a(LCD_GetEx.o)
                0x0800d4a0                LCD__GetBPPDevice
 .text._OnExit  0x0800d4cc       0x14 ..\..\..\Middlewares\STemWin\Lib\libstemwin524b_cm4_os_gcc.a(LCD_Color.o)
 .text.LCD_InitColors
                0x0800d4e0       0x38 ..\..\..\Middlewares\STemWin\Lib\libstemwin524b_cm4_os_gcc.a(LCD_Color.o)
                0x0800d4e0                LCD_InitColors
 .text.LCD_GetpPalConvTableUncached
                0x0800d518       0x4c ..\..\..\Middlewares\STemWin\Lib\libstemwin524b_cm4_os_gcc.a(LCD_Color.o)
                0x0800d518                LCD_GetpPalConvTableUncached
 .text.LCD_GetpPalConvTable
                0x0800d564        0x4 ..\..\..\Middlewares\STemWin\Lib\libstemwin524b_cm4_os_gcc.a(LCD_Color.o)
                0x0800d564                LCD_GetpPalConvTable
 .text.LCD_GetpPalConvTableBM
                0x0800d568        0x4 ..\..\..\Middlewares\STemWin\Lib\libstemwin524b_cm4_os_gcc.a(LCD_Color.o)
                0x0800d568                LCD_GetpPalConvTableBM
 .text.LCD_InitLUT
                0x0800d56c       0x74 ..\..\..\Middlewares\STemWin\Lib\libstemwin524b_cm4_os_gcc.a(LCD_Color.o)
                0x0800d56c                LCD_InitLUT
 .text._SetDrawMode
                0x0800d5e0       0x28 ..\..\..\Middlewares\STemWin\Lib\libstemwin524b_cm4_os_gcc.a(LCD.o)
 .text.LCD_SetDrawMode
                0x0800d608       0x10 ..\..\..\Middlewares\STemWin\Lib\libstemwin524b_cm4_os_gcc.a(LCD.o)
                0x0800d608                LCD_SetDrawMode
 .text.LCD_DrawPixel
                0x0800d618       0x5c ..\..\..\Middlewares\STemWin\Lib\libstemwin524b_cm4_os_gcc.a(LCD.o)
                0x0800d618                LCD_DrawPixel
 .text.LCD_DrawHLine
                0x0800d674       0x4c ..\..\..\Middlewares\STemWin\Lib\libstemwin524b_cm4_os_gcc.a(LCD.o)
                0x0800d674                LCD_DrawHLine
 .text.LCD_DrawVLine
                0x0800d6c0       0x4c ..\..\..\Middlewares\STemWin\Lib\libstemwin524b_cm4_os_gcc.a(LCD.o)
                0x0800d6c0                LCD_DrawVLine
 .text.LCD_FillRect
                0x0800d70c       0x54 ..\..\..\Middlewares\STemWin\Lib\libstemwin524b_cm4_os_gcc.a(LCD.o)
                0x0800d70c                LCD_FillRect
 .text.LCD__DrawBitmap_1bpp
                0x0800d760      0x1b8 ..\..\..\Middlewares\STemWin\Lib\libstemwin524b_cm4_os_gcc.a(LCD.o)
                0x0800d760                LCD__DrawBitmap_1bpp
 .text.LCD_DrawBitmap
                0x0800d918      0x21c ..\..\..\Middlewares\STemWin\Lib\libstemwin524b_cm4_os_gcc.a(LCD.o)
                0x0800d918                LCD_DrawBitmap
 .text.LCD_SetClipRectMax
                0x0800db34       0x20 ..\..\..\Middlewares\STemWin\Lib\libstemwin524b_cm4_os_gcc.a(LCD.o)
                0x0800db34                LCD_SetClipRectMax
 .text.emWin_LCD_Init
                0x0800db54       0x8e ..\..\..\Middlewares\STemWin\Lib\libstemwin524b_cm4_os_gcc.a(LCD.o)
                0x0800db54                emWin_LCD_Init
 *fill*         0x0800dbe2        0x2 
 .text.LCD_Color2Index
                0x0800dbe4       0x20 ..\..\..\Middlewares\STemWin\Lib\libstemwin524b_cm4_os_gcc.a(LCD.o)
                0x0800dbe4                LCD_Color2Index
 .text.LCD_Index2Color
                0x0800dc04       0x20 ..\..\..\Middlewares\STemWin\Lib\libstemwin524b_cm4_os_gcc.a(LCD.o)
                0x0800dc04                LCD_Index2Color
 .text.LCD_SetColorIndex
                0x0800dc24       0x1c ..\..\..\Middlewares\STemWin\Lib\libstemwin524b_cm4_os_gcc.a(LCD.o)
                0x0800dc24                LCD_SetColorIndex
 .text._SetColor
                0x0800dc40       0x20 ..\..\..\Middlewares\STemWin\Lib\libstemwin524b_cm4_os_gcc.a(LCD.o)
 .text.LCD_SetBkColorIndex
                0x0800dc60       0x1c ..\..\..\Middlewares\STemWin\Lib\libstemwin524b_cm4_os_gcc.a(LCD.o)
                0x0800dc60                LCD_SetBkColorIndex
 .text._SetBkColor
                0x0800dc7c       0x20 ..\..\..\Middlewares\STemWin\Lib\libstemwin524b_cm4_os_gcc.a(LCD.o)
 .text.LCD_SetBkColor
                0x0800dc9c       0x10 ..\..\..\Middlewares\STemWin\Lib\libstemwin524b_cm4_os_gcc.a(LCD.o)
                0x0800dc9c                LCD_SetBkColor
 .text.LCD_SetColor
                0x0800dcac       0x10 ..\..\..\Middlewares\STemWin\Lib\libstemwin524b_cm4_os_gcc.a(LCD.o)
                0x0800dcac                LCD_SetColor
 .text.GUI__memset
                0x0800dcbc       0x54 ..\..\..\Middlewares\STemWin\Lib\libstemwin524b_cm4_os_gcc.a(GUI__memset.o)
                0x0800dcbc                GUI__memset
 .text.GUI__SetText
                0x0800dd10       0x74 ..\..\..\Middlewares\STemWin\Lib\libstemwin524b_cm4_os_gcc.a(GUI__SetText.o)
                0x0800dd10                GUI__SetText
 .text.GUI__ReduceRect
                0x0800dd84       0x1c ..\..\..\Middlewares\STemWin\Lib\libstemwin524b_cm4_os_gcc.a(GUI__ReduceRect.o)
                0x0800dd84                GUI__ReduceRect
 .text.GUI__ManageCacheEx
                0x0800dda0       0xc0 ..\..\..\Middlewares\STemWin\Lib\libstemwin524b_cm4_os_gcc.a(GUI__ManageCache.o)
                0x0800dda0                GUI__ManageCacheEx
 .text.GUI__ManageCache
                0x0800de60       0x10 ..\..\..\Middlewares\STemWin\Lib\libstemwin524b_cm4_os_gcc.a(GUI__ManageCache.o)
                0x0800de60                GUI__ManageCache
 .text.GUI__IntersectRects
                0x0800de70       0x64 ..\..\..\Middlewares\STemWin\Lib\libstemwin524b_cm4_os_gcc.a(GUI__IntersectRects.o)
                0x0800de70                GUI__IntersectRects
 .text.GUI__IntersectRect
                0x0800ded4       0x3c ..\..\..\Middlewares\STemWin\Lib\libstemwin524b_cm4_os_gcc.a(GUI__IntersectRect.o)
                0x0800ded4                GUI__IntersectRect
 .text.GUI__DivideRound32
                0x0800df10       0x1a ..\..\..\Middlewares\STemWin\Lib\libstemwin524b_cm4_os_gcc.a(GUI__DivideRound32.o)
                0x0800df10                GUI__DivideRound32
 .text.GUI__MixColors
                0x0800df2a       0x5e ..\..\..\Middlewares\STemWin\Lib\libstemwin524b_cm4_os_gcc.a(GUI__Alpha.o)
                0x0800df2a                GUI__MixColors
 .text.GUI__MixColorsBulk
                0x0800df88       0x76 ..\..\..\Middlewares\STemWin\Lib\libstemwin524b_cm4_os_gcc.a(GUI__Alpha.o)
                0x0800df88                GUI__MixColorsBulk
 *fill*         0x0800dffe        0x2 
 .text._OnExit  0x0800e000       0x40 ..\..\..\Middlewares\STemWin\Lib\libstemwin524b_cm4_os_gcc.a(GUI__Alpha.o)
 .text.GUI__GetAlphaBuffer
                0x0800e040       0xd0 ..\..\..\Middlewares\STemWin\Lib\libstemwin524b_cm4_os_gcc.a(GUI__Alpha.o)
                0x0800e040                GUI__GetAlphaBuffer
 .text.GUI__DoAlphaBlending
                0x0800e110      0x1c0 ..\..\..\Middlewares\STemWin\Lib\libstemwin524b_cm4_os_gcc.a(GUI__Alpha.o)
                0x0800e110                GUI__DoAlphaBlending
 .text.GUI__AllocAlphaBuffer
                0x0800e2d0       0x18 ..\..\..\Middlewares\STemWin\Lib\libstemwin524b_cm4_os_gcc.a(GUI__Alpha.o)
                0x0800e2d0                GUI__AllocAlphaBuffer
 .text.GUI_SetFuncAlphaBlending
                0x0800e2e8        0xc ..\..\..\Middlewares\STemWin\Lib\libstemwin524b_cm4_os_gcc.a(GUI__Alpha.o)
                0x0800e2e8                GUI_SetFuncAlphaBlending
 .text.GUI_SetFuncMixColors
                0x0800e2f4        0xc ..\..\..\Middlewares\STemWin\Lib\libstemwin524b_cm4_os_gcc.a(GUI__Alpha.o)
                0x0800e2f4                GUI_SetFuncMixColors
 .text.GUI_SetFuncMixColorsBulk
                0x0800e300        0xc ..\..\..\Middlewares\STemWin\Lib\libstemwin524b_cm4_os_gcc.a(GUI__Alpha.o)
                0x0800e300                GUI_SetFuncMixColorsBulk
 .text.GUI_SignalEvent
                0x0800e30c       0x10 ..\..\..\Middlewares\STemWin\Lib\libstemwin524b_cm4_os_gcc.a(GUI_WaitEvent.o)
                0x0800e30c                GUI_SignalEvent
 .text._OnExit  0x0800e31c       0x1c ..\..\..\Middlewares\STemWin\Lib\libstemwin524b_cm4_os_gcc.a(GUI_Timer.o)
 .text._Unlink  0x0800e338       0x4c ..\..\..\Middlewares\STemWin\Lib\libstemwin524b_cm4_os_gcc.a(GUI_Timer.o)
 .text._Link    0x0800e384       0x94 ..\..\..\Middlewares\STemWin\Lib\libstemwin524b_cm4_os_gcc.a(GUI_Timer.o)
 .text.GUI_TIMER_Exec
                0x0800e418       0x6c ..\..\..\Middlewares\STemWin\Lib\libstemwin524b_cm4_os_gcc.a(GUI_Timer.o)
                0x0800e418                GUI_TIMER_Exec
 .text.GUI_TIMER__GetFirstTimer
                0x0800e484       0x2c ..\..\..\Middlewares\STemWin\Lib\libstemwin524b_cm4_os_gcc.a(GUI_Timer.o)
                0x0800e484                GUI_TIMER__GetFirstTimer
 .text.GUI_TIMER__GetNextTimerLin
                0x0800e4b0       0x32 ..\..\..\Middlewares\STemWin\Lib\libstemwin524b_cm4_os_gcc.a(GUI_Timer.o)
                0x0800e4b0                GUI_TIMER__GetNextTimerLin
 *fill*         0x0800e4e2        0x2 
 .text.GUI_TIMER_Create
                0x0800e4e4       0x9c ..\..\..\Middlewares\STemWin\Lib\libstemwin524b_cm4_os_gcc.a(GUI_Timer.o)
                0x0800e4e4                GUI_TIMER_Create
 .text.GUI_TIMER_Delete
                0x0800e580       0x6c ..\..\..\Middlewares\STemWin\Lib\libstemwin524b_cm4_os_gcc.a(GUI_Timer.o)
                0x0800e580                GUI_TIMER_Delete
 .text.GUI_TIMER_SetPeriod
                0x0800e5ec       0x26 ..\..\..\Middlewares\STemWin\Lib\libstemwin524b_cm4_os_gcc.a(GUI_Timer.o)
                0x0800e5ec                GUI_TIMER_SetPeriod
 .text.GUI_TIMER_Restart
                0x0800e612       0x3a ..\..\..\Middlewares\STemWin\Lib\libstemwin524b_cm4_os_gcc.a(GUI_Timer.o)
                0x0800e612                GUI_TIMER_Restart
 .text.GUI_TIMER_GetFlag
                0x0800e64c       0x34 ..\..\..\Middlewares\STemWin\Lib\libstemwin524b_cm4_os_gcc.a(GUI_Timer.o)
                0x0800e64c                GUI_TIMER_GetFlag
 .text.GUI_GetTime
                0x0800e680        0x4 ..\..\..\Middlewares\STemWin\Lib\libstemwin524b_cm4_os_gcc.a(GUI_Time.o)
                0x0800e680                GUI_GetTime
 .text.GUI_Delay
                0x0800e684       0x58 ..\..\..\Middlewares\STemWin\Lib\libstemwin524b_cm4_os_gcc.a(GUI_Time.o)
                0x0800e684                GUI_Delay
 .text._OnExit  0x0800e6dc       0x14 ..\..\..\Middlewares\STemWin\Lib\libstemwin524b_cm4_os_gcc.a(GUI_Task.o)
 .text.GUI_Unlock
                0x0800e6f0       0x14 ..\..\..\Middlewares\STemWin\Lib\libstemwin524b_cm4_os_gcc.a(GUI_Task.o)
                0x0800e6f0                GUI_Unlock
 .text.GUI_Lock
                0x0800e704       0xa0 ..\..\..\Middlewares\STemWin\Lib\libstemwin524b_cm4_os_gcc.a(GUI_Task.o)
                0x0800e704                GUI_Lock
 .text.GUITASK_Init
                0x0800e7a4       0x4c ..\..\..\Middlewares\STemWin\Lib\libstemwin524b_cm4_os_gcc.a(GUI_Task.o)
                0x0800e7a4                GUITASK_Init
 .text.GUITASK_CopyContext
                0x0800e7f0       0x54 ..\..\..\Middlewares\STemWin\Lib\libstemwin524b_cm4_os_gcc.a(GUI_Task.o)
                0x0800e7f0                GUITASK_CopyContext
 .text.GUI_TOUCH_StoreStateEx
                0x0800e844       0x28 ..\..\..\Middlewares\STemWin\Lib\libstemwin524b_cm4_os_gcc.a(GUI_TOUCH.o)
                0x0800e844                GUI_TOUCH_StoreStateEx
 .text.GUI_SetDrawMode
                0x0800e86c       0x18 ..\..\..\Middlewares\STemWin\Lib\libstemwin524b_cm4_os_gcc.a(GUI_SetDrawMode.o)
                0x0800e86c                GUI_SetDrawMode
 .text.GL_SetDefault
                0x0800e884       0x40 ..\..\..\Middlewares\STemWin\Lib\libstemwin524b_cm4_os_gcc.a(GUI_SetDefault.o)
                0x0800e884                GL_SetDefault
 .text.GUI_SetBkColor
                0x0800e8c4       0x16 ..\..\..\Middlewares\STemWin\Lib\libstemwin524b_cm4_os_gcc.a(GUI_SetColor.o)
                0x0800e8c4                GUI_SetBkColor
 .text.GUI_SetColor
                0x0800e8da       0x16 ..\..\..\Middlewares\STemWin\Lib\libstemwin524b_cm4_os_gcc.a(GUI_SetColor.o)
                0x0800e8da                GUI_SetColor
 .text.GUI__AlphaSuppressMixing
                0x0800e8f0       0x24 ..\..\..\Middlewares\STemWin\Lib\libstemwin524b_cm4_os_gcc.a(GUI_SetAlpha.o)
                0x0800e8f0                GUI__AlphaSuppressMixing
 .text.GUI_GetCursorLayer
                0x0800e914       0x14 ..\..\..\Middlewares\STemWin\Lib\libstemwin524b_cm4_os_gcc.a(GUI_SelectLayer.o)
                0x0800e914                GUI_GetCursorLayer
 .text.GUI_GetLayerPosEx
                0x0800e928       0x26 ..\..\..\Middlewares\STemWin\Lib\libstemwin524b_cm4_os_gcc.a(GUI_SelectLayer.o)
                0x0800e928                GUI_GetLayerPosEx
 *fill*         0x0800e94e        0x2 
 .text.GUI_SelectLayer
                0x0800e950       0x30 ..\..\..\Middlewares\STemWin\Lib\libstemwin524b_cm4_os_gcc.a(GUI_SelectLayer.o)
                0x0800e950                GUI_SelectLayer
 .text.GUI_SetLayerPosEx
                0x0800e980       0x20 ..\..\..\Middlewares\STemWin\Lib\libstemwin524b_cm4_os_gcc.a(GUI_SelectLayer.o)
                0x0800e980                GUI_SetLayerPosEx
 .text.GUI_SelectLCD
                0x0800e9a0       0x1a ..\..\..\Middlewares\STemWin\Lib\libstemwin524b_cm4_os_gcc.a(GUI_SelectLCD.o)
                0x0800e9a0                GUI_SelectLCD
 *fill*         0x0800e9ba        0x2 
 .text.GUI_SaveContext_W
                0x0800e9bc       0x14 ..\..\..\Middlewares\STemWin\Lib\libstemwin524b_cm4_os_gcc.a(GUI_SaveContext.o)
                0x0800e9bc                GUI_SaveContext_W
 .text.GUI_RestoreContext
                0x0800e9d0       0x14 ..\..\..\Middlewares\STemWin\Lib\libstemwin524b_cm4_os_gcc.a(GUI_SaveContext.o)
                0x0800e9d0                GUI_RestoreContext